Archive member included to satisfy reference by file (symbol)

C:/ST/STM32CubeIDE_1.13.2/STM32CubeIDE/plugins/com.st.stm32cube.ide.mcu.externaltools.gnu-tools-for-stm32.11.3.rel1.win32_1.1.1.202309131626/tools/bin/../lib/gcc/arm-none-eabi/11.3.1/../../../../arm-none-eabi/lib/thumb/v7-m/nofp\libc_nano.a(libc_a-exit.o)
                              C:/ST/STM32CubeIDE_1.13.2/STM32CubeIDE/plugins/com.st.stm32cube.ide.mcu.externaltools.gnu-tools-for-stm32.11.3.rel1.win32_1.1.1.202309131626/tools/bin/../lib/gcc/arm-none-eabi/11.3.1/../../../../arm-none-eabi/lib/thumb/v7-m/nofp/crt0.o (exit)
C:/ST/STM32CubeIDE_1.13.2/STM32CubeIDE/plugins/com.st.stm32cube.ide.mcu.externaltools.gnu-tools-for-stm32.11.3.rel1.win32_1.1.1.202309131626/tools/bin/../lib/gcc/arm-none-eabi/11.3.1/../../../../arm-none-eabi/lib/thumb/v7-m/nofp\libc_nano.a(libc_a-findfp.o)
                              C:/ST/STM32CubeIDE_1.13.2/STM32CubeIDE/plugins/com.st.stm32cube.ide.mcu.externaltools.gnu-tools-for-stm32.11.3.rel1.win32_1.1.1.202309131626/tools/bin/../lib/gcc/arm-none-eabi/11.3.1/../../../../arm-none-eabi/lib/thumb/v7-m/nofp\libc_nano.a(libc_a-exit.o) (__stdio_exit_handler)
C:/ST/STM32CubeIDE_1.13.2/STM32CubeIDE/plugins/com.st.stm32cube.ide.mcu.externaltools.gnu-tools-for-stm32.11.3.rel1.win32_1.1.1.202309131626/tools/bin/../lib/gcc/arm-none-eabi/11.3.1/../../../../arm-none-eabi/lib/thumb/v7-m/nofp\libc_nano.a(libc_a-fwalk.o)
                              C:/ST/STM32CubeIDE_1.13.2/STM32CubeIDE/plugins/com.st.stm32cube.ide.mcu.externaltools.gnu-tools-for-stm32.11.3.rel1.win32_1.1.1.202309131626/tools/bin/../lib/gcc/arm-none-eabi/11.3.1/../../../../arm-none-eabi/lib/thumb/v7-m/nofp\libc_nano.a(libc_a-findfp.o) (_fwalk_sglue)
C:/ST/STM32CubeIDE_1.13.2/STM32CubeIDE/plugins/com.st.stm32cube.ide.mcu.externaltools.gnu-tools-for-stm32.11.3.rel1.win32_1.1.1.202309131626/tools/bin/../lib/gcc/arm-none-eabi/11.3.1/../../../../arm-none-eabi/lib/thumb/v7-m/nofp\libc_nano.a(libc_a-sprintf.o)
                              ./Core/Src/CLI_f.o (sprintf)
C:/ST/STM32CubeIDE_1.13.2/STM32CubeIDE/plugins/com.st.stm32cube.ide.mcu.externaltools.gnu-tools-for-stm32.11.3.rel1.win32_1.1.1.202309131626/tools/bin/../lib/gcc/arm-none-eabi/11.3.1/../../../../arm-none-eabi/lib/thumb/v7-m/nofp\libc_nano.a(libc_a-stdio.o)
                              C:/ST/STM32CubeIDE_1.13.2/STM32CubeIDE/plugins/com.st.stm32cube.ide.mcu.externaltools.gnu-tools-for-stm32.11.3.rel1.win32_1.1.1.202309131626/tools/bin/../lib/gcc/arm-none-eabi/11.3.1/../../../../arm-none-eabi/lib/thumb/v7-m/nofp\libc_nano.a(libc_a-findfp.o) (__sread)
C:/ST/STM32CubeIDE_1.13.2/STM32CubeIDE/plugins/com.st.stm32cube.ide.mcu.externaltools.gnu-tools-for-stm32.11.3.rel1.win32_1.1.1.202309131626/tools/bin/../lib/gcc/arm-none-eabi/11.3.1/../../../../arm-none-eabi/lib/thumb/v7-m/nofp\libc_nano.a(libc_a-memset.o)
                              C:/ST/STM32CubeIDE_1.13.2/STM32CubeIDE/plugins/com.st.stm32cube.ide.mcu.externaltools.gnu-tools-for-stm32.11.3.rel1.win32_1.1.1.202309131626/tools/bin/../lib/gcc/arm-none-eabi/11.3.1/../../../../arm-none-eabi/lib/thumb/v7-m/nofp/crt0.o (memset)
C:/ST/STM32CubeIDE_1.13.2/STM32CubeIDE/plugins/com.st.stm32cube.ide.mcu.externaltools.gnu-tools-for-stm32.11.3.rel1.win32_1.1.1.202309131626/tools/bin/../lib/gcc/arm-none-eabi/11.3.1/../../../../arm-none-eabi/lib/thumb/v7-m/nofp\libc_nano.a(libc_a-strncmp.o)
                              ./Core/Src/CLI.o (strncmp)
C:/ST/STM32CubeIDE_1.13.2/STM32CubeIDE/plugins/com.st.stm32cube.ide.mcu.externaltools.gnu-tools-for-stm32.11.3.rel1.win32_1.1.1.202309131626/tools/bin/../lib/gcc/arm-none-eabi/11.3.1/../../../../arm-none-eabi/lib/thumb/v7-m/nofp\libc_nano.a(libc_a-closer.o)
                              C:/ST/STM32CubeIDE_1.13.2/STM32CubeIDE/plugins/com.st.stm32cube.ide.mcu.externaltools.gnu-tools-for-stm32.11.3.rel1.win32_1.1.1.202309131626/tools/bin/../lib/gcc/arm-none-eabi/11.3.1/../../../../arm-none-eabi/lib/thumb/v7-m/nofp\libc_nano.a(libc_a-stdio.o) (_close_r)
C:/ST/STM32CubeIDE_1.13.2/STM32CubeIDE/plugins/com.st.stm32cube.ide.mcu.externaltools.gnu-tools-for-stm32.11.3.rel1.win32_1.1.1.202309131626/tools/bin/../lib/gcc/arm-none-eabi/11.3.1/../../../../arm-none-eabi/lib/thumb/v7-m/nofp\libc_nano.a(libc_a-reent.o)
                              C:/ST/STM32CubeIDE_1.13.2/STM32CubeIDE/plugins/com.st.stm32cube.ide.mcu.externaltools.gnu-tools-for-stm32.11.3.rel1.win32_1.1.1.202309131626/tools/bin/../lib/gcc/arm-none-eabi/11.3.1/../../../../arm-none-eabi/lib/thumb/v7-m/nofp\libc_nano.a(libc_a-closer.o) (errno)
C:/ST/STM32CubeIDE_1.13.2/STM32CubeIDE/plugins/com.st.stm32cube.ide.mcu.externaltools.gnu-tools-for-stm32.11.3.rel1.win32_1.1.1.202309131626/tools/bin/../lib/gcc/arm-none-eabi/11.3.1/../../../../arm-none-eabi/lib/thumb/v7-m/nofp\libc_nano.a(libc_a-impure.o)
[...]
Memory Configuration

Name             Origin             Length             Attributes
RAM              0x0000000020000000 0x0000000000020000 xrw
FLASH            0x0000000008000000 0x0000000000100000 xr
*default*        0x0000000000000000 0xffffffffffffffff

Linker script and memory map

LOAD C:/ST/STM32CubeIDE_1.13.2/STM32CubeIDE/plugins/com.st.stm32cube.ide.mcu.externaltools.gnu-tools-for-stm32.11.3.rel1.win32_1.1.1.202309131626/tools/bin/../lib/gcc/arm-none-eabi/11.3.1/thumb/v7-m/nofp/crti.o
LOAD C:/ST/STM32CubeIDE_1.13.2/STM32CubeIDE/plugins/com.st.stm32cube.ide.mcu.externaltools.gnu-tools-for-stm32.11.3.rel1.win32_1.1.1.202309131626/tools/bin/../lib/gcc/arm-none-eabi/11.3.1/thumb/v7-m/nofp/crtbegin.o
LOAD C:/ST/STM32CubeIDE_1.13.2/STM32CubeIDE/plugins/com.st.stm32cube.ide.mcu.externaltools.gnu-tools-for-stm32.11.3.rel1.win32_1.1.1.202309131626/tools/bin/../lib/gcc/arm-none-eabi/11.3.1/../../../../arm-none-eabi/lib/thumb/v7-m/nofp/crt0.o
LOAD ./Core/Src/CLI.o
LOAD ./Core/Src/CLI_f.o
LOAD ./Core/Src/circlebuffer.o
LOAD ./Core/Src/main.o
LOAD ./Core/Src/sofstarter.o
LOAD ./Core/Src/stm32f2xx_hal_msp.o
LOAD ./Core/Src/stm32f2xx_it.o
LOAD ./Core/Src/syscalls.o
LOAD ./Core/Src/sysmem.o
LOAD ./Core/Src/system_stm32f2xx.o
LOAD ./Core/Src/util.o
LOAD ./Core/Startup/startup_stm32f207zgtx.o
LOAD ./Drivers/STM32F2xx_HAL_Driver/Src/stm32f2xx_hal.o
LOAD ./Drivers/STM32F2xx_HAL_Driver/Src/stm32f2xx_hal_adc.o
LOAD ./Drivers/STM32F2xx_HAL_Driver/Src/stm32f2xx_hal_adc_ex.o
LOAD ./Drivers/STM32F2xx_HAL_Driver/Src/stm32f2xx_hal_cortex.o
LOAD ./Drivers/STM32F2xx_HAL_Driver/Src/stm32f2xx_hal_dma.o
LOAD ./Drivers/STM32F2xx_HAL_Driver/Src/stm32f2xx_hal_dma_ex.o
LOAD ./Drivers/STM32F2xx_HAL_Driver/Src/stm32f2xx_hal_exti.o
LOAD ./Drivers/STM32F2xx_HAL_Driver/Src/stm32f2xx_hal_flash.o
LOAD ./Drivers/STM32F2xx_HAL_Driver/Src/stm32f2xx_hal_flash_ex.o
LOAD ./Drivers/STM32F2xx_HAL_Driver/Src/stm32f2xx_hal_gpio.o
LOAD ./Drivers/STM32F2xx_HAL_Driver/Src/stm32f2xx_hal_pwr.o
LOAD ./Drivers/STM32F2xx_HAL_Driver/Src/stm32f2xx_hal_pwr_ex.o
LOAD ./Drivers/STM32F2xx_HAL_Driver/Src/stm32f2xx_hal_rcc.o
LOAD ./Drivers/STM32F2xx_HAL_Driver/Src/stm32f2xx_hal_rcc_ex.o
LOAD ./Drivers/STM32F2xx_HAL_Driver/Src/stm32f2xx_hal_tim.o
LOAD ./Drivers/STM32F2xx_HAL_Driver/Src/stm32f2xx_hal_tim_ex.o
LOAD ./Drivers/STM32F2xx_HAL_Driver/Src/stm32f2xx_hal_uart.o
START GROUP
LOAD C:/ST/STM32CubeIDE_1.13.2/STM32CubeIDE/plugins/com.st.stm32cube.ide.mcu.externaltools.gnu-tools-for-stm32.11.3.rel1.win32_1.1.1.202309131626/tools/bin/../lib/gcc/arm-none-eabi/11.3.1/../../../../arm-none-eabi/lib/thumb/v7-m/nofp\libc_nano.a
LOAD C:/ST/STM32CubeIDE_1.13.2/STM32CubeIDE/plugins/com.st.stm32cube.ide.mcu.externaltools.gnu-tools-for-stm32.11.3.rel1.win32_1.1.1.202309131626/tools/bin/../lib/gcc/arm-none-eabi/11.3.1/../../../../arm-none-eabi/lib/thumb/v7-m/nofp\libm.a
END GROUP
START GROUP
LOAD C:/ST/STM32CubeIDE_1.13.2/STM32CubeIDE/plugins/com.st.stm32cube.ide.mcu.externaltools.gnu-tools-for-stm32.11.3.rel1.win32_1.1.1.202309131626/tools/bin/../lib/gcc/arm-none-eabi/11.3.1/thumb/v7-m/nofp\libgcc.a
LOAD C:/ST/STM32CubeIDE_1.13.2/STM32CubeIDE/plugins/com.st.stm32cube.ide.mcu.externaltools.gnu-tools-for-stm32.11.3.rel1.win32_1.1.1.202309131626/tools/bin/../lib/gcc/arm-none-eabi/11.3.1/../../../../arm-none-eabi/lib/thumb/v7-m/nofp\libc_nano.a
END GROUP
START GROUP
LOAD C:/ST/STM32CubeIDE_1.13.2/STM32CubeIDE/plugins/com.st.stm32cube.ide.mcu.externaltools.gnu-tools-for-stm32.11.3.rel1.win32_1.1.1.202309131626/tools/bin/../lib/gcc/arm-none-eabi/11.3.1/thumb/v7-m/nofp\libgcc.a
LOAD C:/ST/STM32CubeIDE_1.13.2/STM32CubeIDE/plugins/com.st.stm32cube.ide.mcu.externaltools.gnu-tools-for-stm32.11.3.rel1.win32_1.1.1.202309131626/tools/bin/../lib/gcc/arm-none-eabi/11.3.1/../../../../arm-none-eabi/lib/thumb/v7-m/nofp\libc_nano.a
LOAD C:/ST/STM32CubeIDE_1.13.2/STM32CubeIDE/plugins/com.st.stm32cube.ide.mcu.externaltools.gnu-tools-for-stm32.11.3.rel1.win32_1.1.1.202309131626/tools/bin/../lib/gcc/arm-none-eabi/11.3.1/../../../../arm-none-eabi/lib/thumb/v7-m/nofp\libnosys.a
END GROUP
START GROUP
LOAD C:/ST/STM32CubeIDE_1.13.2/STM32CubeIDE/plugins/com.st.stm32cube.ide.mcu.externaltools.gnu-tools-for-stm32.11.3.rel1.win32_1.1.1.202309131626/tools/bin/../lib/gcc/arm-none-eabi/11.3.1/thumb/v7-m/nofp\libgcc.a
LOAD C:/ST/STM32CubeIDE_1.13.2/STM32CubeIDE/plugins/com.st.stm32cube.ide.mcu.externaltools.gnu-tools-for-stm32.11.3.rel1.win32_1.1.1.202309131626/tools/bin/../lib/gcc/arm-none-eabi/11.3.1/../../../../arm-none-eabi/lib/thumb/v7-m/nofp\libc_nano.a
LOAD C:/ST/STM32CubeIDE_1.13.2/STM32CubeIDE/plugins/com.st.stm32cube.ide.mcu.externaltools.gnu-tools-for-stm32.11.3.rel1.win32_1.1.1.202309131626/tools/bin/../lib/gcc/arm-none-eabi/11.3.1/../../../../arm-none-eabi/lib/thumb/v7-m/nofp\libnosys.a
END GROUP
LOAD C:/ST/STM32CubeIDE_1.13.2/STM32CubeIDE/plugins/com.st.stm32cube.ide.mcu.externaltools.gnu-tools-for-stm32.11.3.rel1.win32_1.1.1.202309131626/tools/bin/../lib/gcc/arm-none-eabi/11.3.1/thumb/v7-m/nofp/crtend.o
LOAD C:/ST/STM32CubeIDE_1.13.2/STM32CubeIDE/plugins/com.st.stm32cube.ide.mcu.externaltools.gnu-tools-for-stm32.11.3.rel1.win32_1.1.1.202309131626/tools/bin/../lib/gcc/arm-none-eabi/11.3.1/thumb/v7-m/nofp/crtn.o
                0x0000000020020000                _estack = (ORIGIN (RAM) + LENGTH (RAM))
                0x0000000000000200                _Min_Heap_Size = 0x200
                0x0000000000000400                _Min_Stack_Size = 0x400

.isr_vector     0x0000000008000000      0x184
                0x0000000008000000                . = ALIGN (0x4)
 *(.isr_vector)
 .isr_vector    0x0000000008000000      0x184 ./Core/Startup/startup_stm32f207zgtx.o
                0x0000000008000000                g_pfnVectors
                0x0000000008000184                . = ALIGN (0x4)

.text           0x0000000008000184     0x4bf0
                0x0000000008000184                . = ALIGN (0x4)
 *(.text)
 .text          0x0000000008000184       0x40 C:/ST/STM32CubeIDE_1.13.2/STM32CubeIDE/plugins/com.st.stm32cube.ide.mcu.externaltools.gnu-tools-for-stm32.11.3.rel1.win32_1.1.1.202309131626/tools/bin/../lib/gcc/arm-none-eabi/11.3.1/thumb/v7-m/nofp/crtbegin.o
 .text          0x00000000080001c4       0x10 C:/ST/STM32CubeIDE_1.13.2/STM32CubeIDE/plugins/com.st.stm32cube.ide.mcu.externaltools.gnu-tools-for-stm32.11.3.rel1.win32_1.1.1.202309131626/tools/bin/../lib/gcc/arm-none-eabi/11.3.1/../../../../arm-none-eabi/lib/thumb/v7-m/nofp\libc_nano.a(libc_a-strlen.o)
                0x00000000080001c4                strlen
 .text          0x00000000080001d4       0x30 C:/ST/STM32CubeIDE_1.13.2/STM32CubeIDE/plugins/com.st.stm32cube.ide.mcu.externaltools.gnu-tools-for-stm32.11.3.rel1.win32_1.1.1.202309131626/tools/bin/../lib/gcc/arm-none-eabi/11.3.1/thumb/v7-m/nofp\libgcc.a(_aeabi_uldivmod.o)
                0x00000000080001d4                __aeabi_uldivmod
 .text          0x0000000008000204      0x2cc C:/ST/STM32CubeIDE_1.13.2/STM32CubeIDE/plugins/com.st.stm32cube.ide.mcu.externaltools.gnu-tools-for-stm32.11.3.rel1.win32_1.1.1.202309131626/tools/bin/../lib/gcc/arm-none-eabi/11.3.1/thumb/v7-m/nofp\libgcc.a(_udivmoddi4.o)
                0x0000000008000204                __udivmoddi4
 .text          0x00000000080004d0        0x4 C:/ST/STM32CubeIDE_1.13.2/STM32CubeIDE/plugins/com.st.stm32cube.ide.mcu.externaltools.gnu-tools-for-stm32.11.3.rel1.win32_1.1.1.202309131626/tools/bin/../lib/gcc/arm-none-eabi/11.3.1/thumb/v7-m/nofp\libgcc.a(_dvmd_tls.o)
                0x00000000080004d0                __aeabi_idiv0
                0x00000000080004d0                __aeabi_ldiv0
 *(.text*)
 .text.state_machine
                0x00000000080004d4       0x9a ./Core/Src/CLI.o
                0x00000000080004d4                state_machine
 *fill*         0x000000000800056e        0x2 
 .text.test_CLI
                0x0000000008000570       0x50 ./Core/Src/CLI_f.o
                0x0000000008000570                test_CLI
 .text.get_status
                0x00000000080005c0       0xa0 ./Core/Src/CLI_f.o
                0x00000000080005c0                get_status
 .text.get_all_status
                0x0000000008000660      0x174 ./Core/Src/CLI_f.o
                0x0000000008000660                get_all_status
 .text.mag_turn_on
                0x00000000080007d4       0x6c ./Core/Src/CLI_f.o
                0x00000000080007d4                mag_turn_on
 .text.mag_turn_off
                0x0000000008000840       0x6c ./Core/Src/CLI_f.o
                0x0000000008000840                mag_turn_off
 .text.mag_reset
                0x00000000080008ac       0x80 ./Core/Src/CLI_f.o
                0x00000000080008ac                mag_reset
 .text.mag_all_reset
                0x000000000800092c      0x104 ./Core/Src/CLI_f.o
                0x000000000800092c                mag_all_reset
 .text.terminal_switch
                0x0000000008000a30       0x30 ./Core/Src/CLI_f.o
                0x0000000008000a30                terminal_switch
 .text.HAL_UART_ErrorCallback
                0x0000000008000a60       0x2c ./Core/Src/main.o
                0x0000000008000a60                HAL_UART_ErrorCallback
 .text.HAL_UART_RxCpltCallback
                0x0000000008000a8c      0x10c ./Core/Src/main.o
                0x0000000008000a8c                HAL_UART_RxCpltCallback
 .text.main     0x0000000008000b98      0x3e8 ./Core/Src/main.o
                0x0000000008000b98                main
 .text.SystemClock_Config
                0x0000000008000f80       0x8e ./Core/Src/main.o
                0x0000000008000f80                SystemClock_Config
 *fill*         0x000000000800100e        0x2 
 .text.MX_ADC1_Init
                0x0000000008001010       0xa4 ./Core/Src/main.o
 .text.MX_ADC3_Init
                0x00000000080010b4       0xa4 ./Core/Src/main.o
 .text.MX_USART3_UART_Init
                0x0000000008001158       0x54 ./Core/Src/main.o
 .text.MX_DMA_Init
                0x00000000080011ac       0x98 ./Core/Src/main.o
 .text.MX_GPIO_Init
                0x0000000008001244      0x384 ./Core/Src/main.o
 .text.Error_Handler
                0x00000000080015c8        0xa ./Core/Src/main.o
                0x00000000080015c8                Error_Handler
 *fill*         0x00000000080015d2        0x2 
 .text.Mag1_init
                0x00000000080015d4       0x4c ./Core/Src/sofstarter.o
                0x00000000080015d4                Mag1_init
 .text.Mag2_init
                0x0000000008001620       0x4c ./Core/Src/sofstarter.o
                0x0000000008001620                Mag2_init
 .text.Mag3_init
                0x000000000800166c       0x54 ./Core/Src/sofstarter.o
                0x000000000800166c                Mag3_init
 .text.ReadFault
                0x00000000080016c0       0x22 ./Core/Src/sofstarter.o
                0x00000000080016c0                ReadFault
 .text.ReadReady
                0x00000000080016e2       0x22 ./Core/Src/sofstarter.o
                0x00000000080016e2                ReadReady
 .text.ReadOutput
                0x0000000008001704       0x22 ./Core/Src/sofstarter.o
                0x0000000008001704                ReadOutput
 .text.ReadReset
                0x0000000008001726       0x22 ./Core/Src/sofstarter.o
                0x0000000008001726                ReadReset
 .text.Set_output_mag
                0x0000000008001748       0x2c ./Core/Src/sofstarter.o
                0x0000000008001748                Set_output_mag
 .text.Reset_sofstarter
                0x0000000008001774       0x78 ./Core/Src/sofstarter.o
                0x0000000008001774                Reset_sofstarter
 .text.Mag_struct_update
                0x00000000080017ec       0x48 ./Core/Src/sofstarter.o
                0x00000000080017ec                Mag_struct_update
 .text.HAL_MspInit
                0x0000000008001834       0x4c ./Core/Src/stm32f2xx_hal_msp.o
                0x0000000008001834                HAL_MspInit
 .text.HAL_ADC_MspInit
                0x0000000008001880       0xec ./Core/Src/stm32f2xx_hal_msp.o
                0x0000000008001880                HAL_ADC_MspInit
 .text.HAL_UART_MspInit
                0x000000000800196c       0xa0 ./Core/Src/stm32f2xx_hal_msp.o
                0x000000000800196c                HAL_UART_MspInit
 .text.NMI_Handler
                0x0000000008001a0c        0x6 ./Core/Src/stm32f2xx_it.o
                0x0000000008001a0c                NMI_Handler
 .text.HardFault_Handler
                0x0000000008001a12        0x6 ./Core/Src/stm32f2xx_it.o
                0x0000000008001a12                HardFault_Handler
 .text.MemManage_Handler
                0x0000000008001a18        0x6 ./Core/Src/stm32f2xx_it.o
                0x0000000008001a18                MemManage_Handler
 .text.BusFault_Handler
                0x0000000008001a1e        0x6 ./Core/Src/stm32f2xx_it.o
                0x0000000008001a1e                BusFault_Handler
 .text.UsageFault_Handler
                0x0000000008001a24        0x6 ./Core/Src/stm32f2xx_it.o
                0x0000000008001a24                UsageFault_Handler
 .text.SVC_Handler
                0x0000000008001a2a        0xc ./Core/Src/stm32f2xx_it.o
                0x0000000008001a2a                SVC_Handler
 .text.DebugMon_Handler
                0x0000000008001a36        0xc ./Core/Src/stm32f2xx_it.o
                0x0000000008001a36                DebugMon_Handler
 .text.PendSV_Handler
                0x0000000008001a42        0xc ./Core/Src/stm32f2xx_it.o
                0x0000000008001a42                PendSV_Handler
 .text.SysTick_Handler
                0x0000000008001a4e        0xc ./Core/Src/stm32f2xx_it.o
                0x0000000008001a4e                SysTick_Handler
 *fill*         0x0000000008001a5a        0x2 
 .text.USART3_IRQHandler
                0x0000000008001a5c       0x14 ./Core/Src/stm32f2xx_it.o
                0x0000000008001a5c                USART3_IRQHandler
 .text._sbrk    0x0000000008001a70       0x6c ./Core/Src/sysmem.o
                0x0000000008001a70                _sbrk
 .text.SystemInit
                0x0000000008001adc        0xc ./Core/Src/system_stm32f2xx.o
                0x0000000008001adc                SystemInit
 .text.Reset_Handler
                0x0000000008001ae8       0x50 ./Core/Startup/startup_stm32f207zgtx.o
                0x0000000008001ae8                Reset_Handler
 .text.Default_Handler
                0x0000000008001b38        0x2 ./Core/Startup/startup_stm32f207zgtx.o
                0x0000000008001b38                RTC_Alarm_IRQHandler
                0x0000000008001b38                HASH_RNG_IRQHandler
                0x0000000008001b38                EXTI2_IRQHandler
                0x0000000008001b38                TIM8_CC_IRQHandler
                0x0000000008001b38                TIM1_CC_IRQHandler
                0x0000000008001b38                DMA2_Stream5_IRQHandler
                0x0000000008001b38                DMA1_Stream5_IRQHandler
                0x0000000008001b38                PVD_IRQHandler
                0x0000000008001b38                SDIO_IRQHandler
                0x0000000008001b38                TAMP_STAMP_IRQHandler
                0x0000000008001b38                CAN2_RX1_IRQHandler
                0x0000000008001b38                EXTI3_IRQHandler
                0x0000000008001b38                TIM8_TRG_COM_TIM14_IRQHandler
                0x0000000008001b38                TIM1_UP_TIM10_IRQHandler
                0x0000000008001b38                TIM8_UP_TIM13_IRQHandler
                0x0000000008001b38                I2C3_ER_IRQHandler
                0x0000000008001b38                EXTI0_IRQHandler
                0x0000000008001b38                I2C2_EV_IRQHandler
                0x0000000008001b38                DMA1_Stream2_IRQHandler
                0x0000000008001b38                CAN1_RX0_IRQHandler
                0x0000000008001b38                OTG_HS_WKUP_IRQHandler
                0x0000000008001b38                CAN2_SCE_IRQHandler
                0x0000000008001b38                DMA2_Stream2_IRQHandler
                0x0000000008001b38                SPI1_IRQHandler
                0x0000000008001b38                TIM6_DAC_IRQHandler
                0x0000000008001b38                TIM1_BRK_TIM9_IRQHandler
                0x0000000008001b38                DCMI_IRQHandler
                0x0000000008001b38                CAN2_RX0_IRQHandler
                0x0000000008001b38                DMA2_Stream3_IRQHandler
                0x0000000008001b38                USART6_IRQHandler
                0x0000000008001b38                CAN1_RX1_IRQHandler
                0x0000000008001b38                UART5_IRQHandler
                0x0000000008001b38                DMA2_Stream0_IRQHandler
                0x0000000008001b38                TIM4_IRQHandler
                0x0000000008001b38                I2C1_EV_IRQHandler
                0x0000000008001b38                DMA1_Stream6_IRQHandler
                0x0000000008001b38                DMA1_Stream1_IRQHandler
                0x0000000008001b38                UART4_IRQHandler
                0x0000000008001b38                TIM3_IRQHandler
                0x0000000008001b38                RCC_IRQHandler
                0x0000000008001b38                TIM8_BRK_TIM12_IRQHandler
                0x0000000008001b38                Default_Handler
                0x0000000008001b38                EXTI15_10_IRQHandler
                0x0000000008001b38                ADC_IRQHandler
                0x0000000008001b38                DMA1_Stream7_IRQHandler
                0x0000000008001b38                TIM7_IRQHandler
                0x0000000008001b38                CAN2_TX_IRQHandler
                0x0000000008001b38                TIM5_IRQHandler
                0x0000000008001b38                DMA2_Stream7_IRQHandler
                0x0000000008001b38                I2C3_EV_IRQHandler
                0x0000000008001b38                EXTI9_5_IRQHandler
                0x0000000008001b38                RTC_WKUP_IRQHandler
                0x0000000008001b38                ETH_WKUP_IRQHandler
                0x0000000008001b38                SPI2_IRQHandler
                0x0000000008001b38                OTG_HS_EP1_IN_IRQHandler
                0x0000000008001b38                DMA1_Stream0_IRQHandler
                0x0000000008001b38                CAN1_TX_IRQHandler
                0x0000000008001b38                EXTI4_IRQHandler
                0x0000000008001b38                FSMC_IRQHandler
                0x0000000008001b38                ETH_IRQHandler
                0x0000000008001b38                OTG_HS_EP1_OUT_IRQHandler
                0x0000000008001b38                WWDG_IRQHandler
                0x0000000008001b38                TIM2_IRQHandler
                0x0000000008001b38                OTG_FS_WKUP_IRQHandler
                0x0000000008001b38                TIM1_TRG_COM_TIM11_IRQHandler
                0x0000000008001b38                OTG_HS_IRQHandler
                0x0000000008001b38                EXTI1_IRQHandler
                0x0000000008001b38                USART2_IRQHandler
                0x0000000008001b38                I2C2_ER_IRQHandler
                0x0000000008001b38                DMA2_Stream1_IRQHandler
                0x0000000008001b38                CAN1_SCE_IRQHandler
                0x0000000008001b38                FLASH_IRQHandler
                0x0000000008001b38                DMA2_Stream4_IRQHandler
                0x0000000008001b38                USART1_IRQHandler
                0x0000000008001b38                OTG_FS_IRQHandler
                0x0000000008001b38                SPI3_IRQHandler
                0x0000000008001b38                DMA1_Stream4_IRQHandler
                0x0000000008001b38                I2C1_ER_IRQHandler
                0x0000000008001b38                DMA2_Stream6_IRQHandler
                0x0000000008001b38                DMA1_Stream3_IRQHandler
 *fill*         0x0000000008001b3a        0x2 
 .text.HAL_Init
                0x0000000008001b3c       0x44 ./Drivers/STM32F2xx_HAL_Driver/Src/stm32f2xx_hal.o
                0x0000000008001b3c                HAL_Init
 .text.HAL_InitTick
                0x0000000008001b80       0x60 ./Drivers/STM32F2xx_HAL_Driver/Src/stm32f2xx_hal.o
                0x0000000008001b80                HAL_InitTick
 .text.HAL_IncTick
                0x0000000008001be0       0x24 ./Drivers/STM32F2xx_HAL_Driver/Src/stm32f2xx_hal.o
                0x0000000008001be0                HAL_IncTick
 .text.HAL_GetTick
                0x0000000008001c04       0x14 ./Drivers/STM32F2xx_HAL_Driver/Src/stm32f2xx_hal.o
                0x0000000008001c04                HAL_GetTick
 .text.HAL_ADC_Init
                0x0000000008001c18       0x86 ./Drivers/STM32F2xx_HAL_Driver/Src/stm32f2xx_hal_adc.o
                0x0000000008001c18                HAL_ADC_Init
 *fill*         0x0000000008001c9e        0x2 
 .text.HAL_ADC_ConfigChannel
                0x0000000008001ca0      0x240 ./Drivers/STM32F2xx_HAL_Driver/Src/stm32f2xx_hal_adc.o
                0x0000000008001ca0                HAL_ADC_ConfigChannel
 .text.ADC_Init
                0x0000000008001ee0      0x20c ./Drivers/STM32F2xx_HAL_Driver/Src/stm32f2xx_hal_adc.o
 .text.__NVIC_SetPriorityGrouping
                0x00000000080020ec       0x48 ./Drivers/STM32F2xx_HAL_Driver/Src/stm32f2xx_hal_cortex.o
 .text.__NVIC_GetPriorityGrouping
                0x0000000008002134       0x1c ./Drivers/STM32F2xx_HAL_Driver/Src/stm32f2xx_hal_cortex.o
 .text.__NVIC_EnableIRQ
                0x0000000008002150       0x38 ./Drivers/STM32F2xx_HAL_Driver/Src/stm32f2xx_hal_cortex.o
 .text.__NVIC_SetPriority
                0x0000000008002188       0x54 ./Drivers/STM32F2xx_HAL_Driver/Src/stm32f2xx_hal_cortex.o
 .text.NVIC_EncodePriority
                0x00000000080021dc       0x64 ./Drivers/STM32F2xx_HAL_Driver/Src/stm32f2xx_hal_cortex.o
 .text.SysTick_Config
                0x0000000008002240       0x44 ./Drivers/STM32F2xx_HAL_Driver/Src/stm32f2xx_hal_cortex.o
 .text.HAL_NVIC_SetPriorityGrouping
                0x0000000008002284       0x16 ./Drivers/STM32F2xx_HAL_Driver/Src/stm32f2xx_hal_cortex.o
                0x0000000008002284                HAL_NVIC_SetPriorityGrouping
 .text.HAL_NVIC_SetPriority
                0x000000000800229a       0x38 ./Drivers/STM32F2xx_HAL_Driver/Src/stm32f2xx_hal_cortex.o
                0x000000000800229a                HAL_NVIC_SetPriority
 .text.HAL_NVIC_EnableIRQ
                0x00000000080022d2       0x1c ./Drivers/STM32F2xx_HAL_Driver/Src/stm32f2xx_hal_cortex.o
                0x00000000080022d2                HAL_NVIC_EnableIRQ
 .text.HAL_SYSTICK_Config
                0x00000000080022ee       0x18 ./Drivers/STM32F2xx_HAL_Driver/Src/stm32f2xx_hal_cortex.o
                0x00000000080022ee                HAL_SYSTICK_Config
 *fill*         0x0000000008002306        0x2 
 .text.HAL_DMA_Init
                0x0000000008002308      0x15c ./Drivers/STM32F2xx_HAL_Driver/Src/stm32f2xx_hal_dma.o
                0x0000000008002308                HAL_DMA_Init
 .text.HAL_DMA_Start
                0x0000000008002464       0x76 ./Drivers/STM32F2xx_HAL_Driver/Src/stm32f2xx_hal_dma.o
                0x0000000008002464                HAL_DMA_Start
 .text.HAL_DMA_Abort
                0x00000000080024da       0xe0 ./Drivers/STM32F2xx_HAL_Driver/Src/stm32f2xx_hal_dma.o
                0x00000000080024da                HAL_DMA_Abort
 .text.HAL_DMA_Abort_IT
                0x00000000080025ba       0x42 ./Drivers/STM32F2xx_HAL_Driver/Src/stm32f2xx_hal_dma.o
                0x00000000080025ba                HAL_DMA_Abort_IT
 .text.HAL_DMA_PollForTransfer
                0x00000000080025fc      0x1be ./Drivers/STM32F2xx_HAL_Driver/Src/stm32f2xx_hal_dma.o
                0x00000000080025fc                HAL_DMA_PollForTransfer
 .text.DMA_SetConfig
                0x00000000080027ba       0x5a ./Drivers/STM32F2xx_HAL_Driver/Src/stm32f2xx_hal_dma.o
 .text.DMA_CalcBaseAndBitshift
                0x0000000008002814       0x68 ./Drivers/STM32F2xx_HAL_Driver/Src/stm32f2xx_hal_dma.o
 .text.DMA_CheckFifoParam
                0x000000000800287c       0xf4 ./Drivers/STM32F2xx_HAL_Driver/Src/stm32f2xx_hal_dma.o
 .text.HAL_GPIO_Init
                0x0000000008002970      0x33c ./Drivers/STM32F2xx_HAL_Driver/Src/stm32f2xx_hal_gpio.o
                0x0000000008002970                HAL_GPIO_Init
 .text.HAL_GPIO_ReadPin
                0x0000000008002cac       0x2e ./Drivers/STM32F2xx_HAL_Driver/Src/stm32f2xx_hal_gpio.o
                0x0000000008002cac                HAL_GPIO_ReadPin
 .text.HAL_GPIO_WritePin
                0x0000000008002cda       0x30 ./Drivers/STM32F2xx_HAL_Driver/Src/stm32f2xx_hal_gpio.o
                0x0000000008002cda                HAL_GPIO_WritePin
 *fill*         0x0000000008002d0a        0x2 
 .text.HAL_RCC_OscConfig
                0x0000000008002d0c      0x4a8 ./Drivers/STM32F2xx_HAL_Driver/Src/stm32f2xx_hal_rcc.o
                0x0000000008002d0c                HAL_RCC_OscConfig
 .text.HAL_RCC_ClockConfig
                0x00000000080031b4      0x1d8 ./Drivers/STM32F2xx_HAL_Driver/Src/stm32f2xx_hal_rcc.o
                0x00000000080031b4                HAL_RCC_ClockConfig
 .text.HAL_RCC_GetSysClockFreq
                0x000000000800338c      0x218 ./Drivers/STM32F2xx_HAL_Driver/Src/stm32f2xx_hal_rcc.o
                0x000000000800338c                HAL_RCC_GetSysClockFreq
 .text.HAL_RCC_GetHCLKFreq
                0x00000000080035a4       0x14 ./Drivers/STM32F2xx_HAL_Driver/Src/stm32f2xx_hal_rcc.o
                0x00000000080035a4                HAL_RCC_GetHCLKFreq
 .text.HAL_RCC_GetPCLK1Freq
                0x00000000080035b8       0x44 ./Drivers/STM32F2xx_HAL_Driver/Src/stm32f2xx_hal_rcc.o
                0x00000000080035b8                HAL_RCC_GetPCLK1Freq
 .text.HAL_RCC_GetPCLK2Freq
                0x00000000080035fc       0x44 ./Drivers/STM32F2xx_HAL_Driver/Src/stm32f2xx_hal_rcc.o
                0x00000000080035fc                HAL_RCC_GetPCLK2Freq
 .text.HAL_UART_Init
                0x0000000008003640       0xa0 ./Drivers/STM32F2xx_HAL_Driver/Src/stm32f2xx_hal_uart.o
                0x0000000008003640                HAL_UART_Init
 .text.HAL_UART_Transmit
                0x00000000080036e0      0x106 ./Drivers/STM32F2xx_HAL_Driver/Src/stm32f2xx_hal_uart.o
                0x00000000080036e0                HAL_UART_Transmit
 .text.HAL_UART_Receive_IT
                0x00000000080037e6       0x4a ./Drivers/STM32F2xx_HAL_Driver/Src/stm32f2xx_hal_uart.o
                0x00000000080037e6                HAL_UART_Receive_IT
 .text.HAL_UART_IRQHandler
                0x0000000008003830      0x524 ./Drivers/STM32F2xx_HAL_Driver/Src/stm32f2xx_hal_uart.o
                0x0000000008003830                HAL_UART_IRQHandler
 .text.HAL_UART_TxCpltCallback
                0x0000000008003d54       0x12 ./Drivers/STM32F2xx_HAL_Driver/Src/stm32f2xx_hal_uart.o
                0x0000000008003d54                HAL_UART_TxCpltCallback
 .text.HAL_UARTEx_RxEventCallback
                0x0000000008003d66       0x16 ./Drivers/STM32F2xx_HAL_Driver/Src/stm32f2xx_hal_uart.o
                0x0000000008003d66                HAL_UARTEx_RxEventCallback
 .text.UART_WaitOnFlagUntilTimeout
                0x0000000008003d7c       0xdc ./Drivers/STM32F2xx_HAL_Driver/Src/stm32f2xx_hal_uart.o
 .text.UART_Start_Receive_IT
                0x0000000008003e58       0x72 ./Drivers/STM32F2xx_HAL_Driver/Src/stm32f2xx_hal_uart.o
                0x0000000008003e58                UART_Start_Receive_IT
 .text.UART_EndRxTransfer
                0x0000000008003eca       0xc4 ./Drivers/STM32F2xx_HAL_Driver/Src/stm32f2xx_hal_uart.o
 .text.UART_DMAAbortOnError
                0x0000000008003f8e       0x28 ./Drivers/STM32F2xx_HAL_Driver/Src/stm32f2xx_hal_uart.o
 .text.UART_Transmit_IT
                0x0000000008003fb6       0x9e ./Drivers/STM32F2xx_HAL_Driver/Src/stm32f2xx_hal_uart.o
 .text.UART_EndTransmit_IT
                0x0000000008004054       0x30 ./Drivers/STM32F2xx_HAL_Driver/Src/stm32f2xx_hal_uart.o
 .text.UART_Receive_IT
                0x0000000008004084      0x17c ./Drivers/STM32F2xx_HAL_Driver/Src/stm32f2xx_hal_uart.o
 .text.UART_SetConfig
                0x0000000008004200      0x1d4 ./Drivers/STM32F2xx_HAL_Driver/Src/stm32f2xx_hal_uart.o
 .text.sprintf  0x00000000080043d4       0x40 C:/ST/STM32CubeIDE_1.13.2/STM32CubeIDE/plugins/com.st.stm32cube.ide.mcu.externaltools.gnu-tools-for-stm32.11.3.rel1.win32_1.1.1.202309131626/tools/bin/../lib/gcc/arm-none-eabi/11.3.1/../../../../arm-none-eabi/lib/thumb/v7-m/nofp\libc_nano.a(libc_a-sprintf.o)
                0x00000000080043d4                siprintf
                0x00000000080043d4                sprintf
 .text.memset   0x0000000008004414       0x10 C:/ST/STM32CubeIDE_1.13.2/STM32CubeIDE/plugins/com.st.stm32cube.ide.mcu.externaltools.gnu-tools-for-stm32.11.3.rel1.win32_1.1.1.202309131626/tools/bin/../lib/gcc/arm-none-eabi/11.3.1/../../../../arm-none-eabi/lib/thumb/v7-m/nofp\libc_nano.a(libc_a-memset.o)
                0x0000000008004414                memset
 .text.strncmp  0x0000000008004424       0x24 C:/ST/STM32CubeIDE_1.13.2/STM32CubeIDE/plugins/com.st.stm32cube.ide.mcu.externaltools.gnu-tools-for-stm32.11.3.rel1.win32_1.1.1.202309131626/tools/bin/../lib/gcc/arm-none-eabi/11.3.1/../../../../arm-none-eabi/lib/thumb/v7-m/nofp\libc_nano.a(libc_a-strncmp.o)
                0x0000000008004424                strncmp
 .text.__errno  0x0000000008004448        0xc C:/ST/STM32CubeIDE_1.13.2/STM32CubeIDE/plugins/com.st.stm32cube.ide.mcu.externaltools.gnu-tools-for-stm32.11.3.rel1.win32_1.1.1.202309131626/tools/bin/../lib/gcc/arm-none-eabi/11.3.1/../../../../arm-none-eabi/lib/thumb/v7-m/nofp\libc_nano.a(libc_a-errno.o)
                0x0000000008004448                __errno
 .text.__libc_init_array
                0x0000000008004454       0x48 C:/ST/STM32CubeIDE_1.13.2/STM32CubeIDE/plugins/com.st.stm32cube.ide.mcu.externaltools.gnu-tools-for-stm32.11.3.rel1.win32_1.1.1.202309131626/tools/bin/../lib/gcc/arm-none-eabi/11.3.1/../../../../arm-none-eabi/lib/thumb/v7-m/nofp\libc_nano.a(libc_a-init.o)
                0x0000000008004454                __libc_init_array
 .text.__retarget_lock_acquire_recursive
                0x000000000800449c        0x2 C:/ST/STM32CubeIDE_1.13.2/STM32CubeIDE/plugins/com.st.stm32cube.ide.mcu.externaltools.gnu-tools-for-stm32.11.3.rel1.win32_1.1.1.202309131626/tools/bin/../lib/gcc/arm-none-eabi/11.3.1/../../../../arm-none-eabi/lib/thumb/v7-m/nofp\libc_nano.a(libc_a-lock.o)
                0x000000000800449c                __retarget_lock_acquire_recursive
 .text.__retarget_lock_release_recursive
                0x000000000800449e        0x2 C:/ST/STM32CubeIDE_1.13.2/STM32CubeIDE/plugins/com.st.stm32cube.ide.mcu.externaltools.gnu-tools-for-stm32.11.3.rel1.win32_1.1.1.202309131626/tools/bin/../lib/gcc/arm-none-eabi/11.3.1/../../../../arm-none-eabi/lib/thumb/v7-m/nofp\libc_nano.a(libc_a-lock.o)
                0x000000000800449e                __retarget_lock_release_recursive
 .text._free_r  0x00000000080044a0       0x90 C:/ST/STM32CubeIDE_1.13.2/STM32CubeIDE/plugins/com.st.stm32cube.ide.mcu.externaltools.gnu-tools-for-stm32.11.3.rel1.win32_1.1.1.202309131626/tools/bin/../lib/gcc/arm-none-eabi/11.3.1/../../../../arm-none-eabi/lib/thumb/v7-m/nofp\libc_nano.a(libc_a-freer.o)
                0x00000000080044a0                _free_r
 .text.sbrk_aligned
                0x0000000008004530       0x40 C:/ST/STM32CubeIDE_1.13.2/STM32CubeIDE/plugins/com.st.stm32cube.ide.mcu.externaltools.gnu-tools-for-stm32.11.3.rel1.win32_1.1.1.202309131626/tools/bin/../lib/gcc/arm-none-eabi/11.3.1/../../../../arm-none-eabi/lib/thumb/v7-m/nofp\libc_nano.a(libc_a-mallocr.o)
 .text._malloc_r
                0x0000000008004570      0x100 C:/ST/STM32CubeIDE_1.13.2/STM32CubeIDE/plugins/com.st.stm32cube.ide.mcu.externaltools.gnu-tools-for-stm32.11.3.rel1.win32_1.1.1.202309131626/tools/bin/../lib/gcc/arm-none-eabi/11.3.1/../../../../arm-none-eabi/lib/thumb/v7-m/nofp\libc_nano.a(libc_a-mallocr.o)
                0x0000000008004570                _malloc_r
 .text.__malloc_lock
                0x0000000008004670        0xc C:/ST/STM32CubeIDE_1.13.2/STM32CubeIDE/plugins/com.st.stm32cube.ide.mcu.externaltools.gnu-tools-for-stm32.11.3.rel1.win32_1.1.1.202309131626/tools/bin/../lib/gcc/arm-none-eabi/11.3.1/../../../../arm-none-eabi/lib/thumb/v7-m/nofp\libc_nano.a(libc_a-mlock.o)
                0x0000000008004670                __malloc_lock
 .text.__malloc_unlock
                0x000000000800467c        0xc C:/ST/STM32CubeIDE_1.13.2/STM32CubeIDE/plugins/com.st.stm32cube.ide.mcu.externaltools.gnu-tools-for-stm32.11.3.rel1.win32_1.1.1.202309131626/tools/bin/../lib/gcc/arm-none-eabi/11.3.1/../../../../arm-none-eabi/lib/thumb/v7-m/nofp\libc_nano.a(libc_a-mlock.o)
                0x000000000800467c                __malloc_unlock
 .text.__ssputs_r
                0x0000000008004688       0xb4 C:/ST/STM32CubeIDE_1.13.2/STM32CubeIDE/plugins/com.st.stm32cube.ide.mcu.externaltools.gnu-tools-for-stm32.11.3.rel1.win32_1.1.1.202309131626/tools/bin/../lib/gcc/arm-none-eabi/11.3.1/../../../../arm-none-eabi/lib/thumb/v7-m/nofp\libc_nano.a(libc_a-nano-svfprintf.o)
                0x0000000008004688                __ssputs_r
 .text._svfprintf_r
                0x000000000800473c      0x1fc C:/ST/STM32CubeIDE_1.13.2/STM32CubeIDE/plugins/com.st.stm32cube.ide.mcu.externaltools.gnu-tools-for-stm32.11.3.rel1.win32_1.1.1.202309131626/tools/bin/../lib/gcc/arm-none-eabi/11.3.1/../../../../arm-none-eabi/lib/thumb/v7-m/nofp\libc_nano.a(libc_a-nano-svfprintf.o)
                0x000000000800473c                _svfiprintf_r
                0x000000000800473c                _svfprintf_r
 .text._printf_common
                0x0000000008004938       0xe4 C:/ST/STM32CubeIDE_1.13.2/STM32CubeIDE/plugins/com.st.stm32cube.ide.mcu.externaltools.gnu-tools-for-stm32.11.3.rel1.win32_1.1.1.202309131626/tools/bin/../lib/gcc/arm-none-eabi/11.3.1/../../../../arm-none-eabi/lib/thumb/v7-m/nofp\libc_nano.a(libc_a-nano-vfprintf_i.o)
                0x0000000008004938                _printf_common
 .text._printf_i
                0x0000000008004a1c      0x244 C:/ST/STM32CubeIDE_1.13.2/STM32CubeIDE/plugins/com.st.stm32cube.ide.mcu.externaltools.gnu-tools-for-stm32.11.3.rel1.win32_1.1.1.202309131626/tools/bin/../lib/gcc/arm-none-eabi/11.3.1/../../../../arm-none-eabi/lib/thumb/v7-m/nofp\libc_nano.a(libc_a-nano-vfprintf_i.o)
                0x0000000008004a1c                _printf_i
 .text.memmove  0x0000000008004c60       0x34 C:/ST/STM32CubeIDE_1.13.2/STM32CubeIDE/plugins/com.st.stm32cube.ide.mcu.externaltools.gnu-tools-for-stm32.11.3.rel1.win32_1.1.1.202309131626/tools/bin/../lib/gcc/arm-none-eabi/11.3.1/../../../../arm-none-eabi/lib/thumb/v7-m/nofp\libc_nano.a(libc_a-memmove.o)
                0x0000000008004c60                memmove
 .text._sbrk_r  0x0000000008004c94       0x20 C:/ST/STM32CubeIDE_1.13.2/STM32CubeIDE/plugins/com.st.stm32cube.ide.mcu.externaltools.gnu-tools-for-stm32.11.3.rel1.win32_1.1.1.202309131626/tools/bin/../lib/gcc/arm-none-eabi/11.3.1/../../../../arm-none-eabi/lib/thumb/v7-m/nofp\libc_nano.a(libc_a-sbrkr.o)
                0x0000000008004c94                _sbrk_r
 .text.memchr   0x0000000008004cb4       0x1c C:/ST/STM32CubeIDE_1.13.2/STM32CubeIDE/plugins/com.st.stm32cube.ide.mcu.externaltools.gnu-tools-for-stm32.11.3.rel1.win32_1.1.1.202309131626/tools/bin/../lib/gcc/arm-none-eabi/11.3.1/../../../../arm-none-eabi/lib/thumb/v7-m/nofp\libc_nano.a(libc_a-memchr-stub.o)
                0x0000000008004cb4                memchr
 .text.memcpy   0x0000000008004cd0       0x1c C:/ST/STM32CubeIDE_1.13.2/STM32CubeIDE/plugins/com.st.stm32cube.ide.mcu.externaltools.gnu-tools-for-stm32.11.3.rel1.win32_1.1.1.202309131626/tools/bin/../lib/gcc/arm-none-eabi/11.3.1/../../../../arm-none-eabi/lib/thumb/v7-m/nofp\libc_nano.a(libc_a-memcpy-stub.o)
                0x0000000008004cd0                memcpy
 .text._realloc_r
                0x0000000008004cec       0x5e C:/ST/STM32CubeIDE_1.13.2/STM32CubeIDE/plugins/com.st.stm32cube.ide.mcu.externaltools.gnu-tools-for-stm32.11.3.rel1.win32_1.1.1.202309131626/tools/bin/../lib/gcc/arm-none-eabi/11.3.1/../../../../arm-none-eabi/lib/thumb/v7-m/nofp\libc_nano.a(libc_a-reallocr.o)
                0x0000000008004cec                _realloc_r
 .text._malloc_usable_size_r
                0x0000000008004d4a       0x10 C:/ST/STM32CubeIDE_1.13.2/STM32CubeIDE/plugins/com.st.stm32cube.ide.mcu.externaltools.gnu-tools-for-stm32.11.3.rel1.win32_1.1.1.202309131626/tools/bin/../lib/gcc/arm-none-eabi/11.3.1/../../../../arm-none-eabi/lib/thumb/v7-m/nofp\libc_nano.a(libc_a-msizer.o)
                0x0000000008004d4a                _malloc_usable_size_r
 *(.glue_7)
 .glue_7        0x0000000008004d5a        0x0 linker stubs
 *(.glue_7t)
 .glue_7t       0x0000000008004d5a        0x0 linker stubs
 *(.eh_frame)
 *fill*         0x0000000008004d5a        0x2 
 .eh_frame      0x0000000008004d5c        0x0 C:/ST/STM32CubeIDE_1.13.2/STM32CubeIDE/plugins/com.st.stm32cube.ide.mcu.externaltools.gnu-tools-for-stm32.11.3.rel1.win32_1.1.1.202309131626/tools/bin/../lib/gcc/arm-none-eabi/11.3.1/thumb/v7-m/nofp/crtbegin.o
 *(.init)
 .init          0x0000000008004d5c        0x4 C:/ST/STM32CubeIDE_1.13.2/STM32CubeIDE/plugins/com.st.stm32cube.ide.mcu.externaltools.gnu-tools-for-stm32.11.3.rel1.win32_1.1.1.202309131626/tools/bin/../lib/gcc/arm-none-eabi/11.3.1/thumb/v7-m/nofp/crti.o
                0x0000000008004d5c                _init
 .init          0x0000000008004d60        0x8 C:/ST/STM32CubeIDE_1.13.2/STM32CubeIDE/plugins/com.st.stm32cube.ide.mcu.externaltools.gnu-tools-for-stm32.11.3.rel1.win32_1.1.1.202309131626/tools/bin/../lib/gcc/arm-none-eabi/11.3.1/thumb/v7-m/nofp/crtn.o
 *(.fini)
 .fini          0x0000000008004d68        0x4 C:/ST/STM32CubeIDE_1.13.2/STM32CubeIDE/plugins/com.st.stm32cube.ide.mcu.externaltools.gnu-tools-for-stm32.11.3.rel1.win32_1.1.1.202309131626/tools/bin/../lib/gcc/arm-none-eabi/11.3.1/thumb/v7-m/nofp/crti.o
                0x0000000008004d68                _fini
 .fini          0x0000000008004d6c        0x8 C:/ST/STM32CubeIDE_1.13.2/STM32CubeIDE/plugins/com.st.stm32cube.ide.mcu.externaltools.gnu-tools-for-stm32.11.3.rel1.win32_1.1.1.202309131626/tools/bin/../lib/gcc/arm-none-eabi/11.3.1/thumb/v7-m/nofp/crtn.o
                0x0000000008004d74                . = ALIGN (0x4)
                0x0000000008004d74                _etext = .

.vfp11_veneer   0x0000000008004d74        0x0
 .vfp11_veneer  0x0000000008004d74        0x0 linker stubs

.v4_bx          0x0000000008004d74        0x0
 .v4_bx         0x0000000008004d74        0x0 linker stubs

.iplt           0x0000000008004d74        0x0
 .iplt          0x0000000008004d74        0x0 C:/ST/STM32CubeIDE_1.13.2/STM32CubeIDE/plugins/com.st.stm32cube.ide.mcu.externaltools.gnu-tools-for-stm32.11.3.rel1.win32_1.1.1.202309131626/tools/bin/../lib/gcc/arm-none-eabi/11.3.1/thumb/v7-m/nofp/crtbegin.o

.rodata         0x0000000008004d74      0x2cc
                0x0000000008004d74                . = ALIGN (0x4)
 *(.rodata)
 .rodata        0x0000000008004d74      0x182 ./Core/Src/CLI_f.o
 *fill*         0x0000000008004ef6        0x2 
 .rodata        0x0000000008004ef8       0xef ./Core/Src/main.o
 *(.rodata*)
 *fill*         0x0000000008004fe7        0x1 
 .rodata.eol    0x0000000008004fe8        0x2 ./Core/Src/main.o
                0x0000000008004fe8                eol
 *fill*         0x0000000008004fea        0x2 
 .rodata.AHBPrescTable
                0x0000000008004fec       0x10 ./Core/Src/system_stm32f2xx.o
                0x0000000008004fec                AHBPrescTable
 .rodata.APBPrescTable
                0x0000000008004ffc        0x8 ./Core/Src/system_stm32f2xx.o
                0x0000000008004ffc                APBPrescTable
 .rodata.flagBitshiftOffset.0
                0x0000000008005004        0x8 ./Drivers/STM32F2xx_HAL_Driver/Src/stm32f2xx_hal_dma.o
 .rodata._svfprintf_r.str1.1
                0x000000000800500c       0x11 C:/ST/STM32CubeIDE_1.13.2/STM32CubeIDE/plugins/com.st.stm32cube.ide.mcu.externaltools.gnu-tools-for-stm32.11.3.rel1.win32_1.1.1.202309131626/tools/bin/../lib/gcc/arm-none-eabi/11.3.1/../../../../arm-none-eabi/lib/thumb/v7-m/nofp\libc_nano.a(libc_a-nano-svfprintf.o)
 .rodata._printf_i.str1.1
                0x000000000800501d       0x22 C:/ST/STM32CubeIDE_1.13.2/STM32CubeIDE/plugins/com.st.stm32cube.ide.mcu.externaltools.gnu-tools-for-stm32.11.3.rel1.win32_1.1.1.202309131626/tools/bin/../lib/gcc/arm-none-eabi/11.3.1/../../../../arm-none-eabi/lib/thumb/v7-m/nofp\libc_nano.a(libc_a-nano-vfprintf_i.o)
                0x0000000008005040                . = ALIGN (0x4)
 *fill*         0x000000000800503f        0x1 

.ARM.extab      0x0000000008005040        0x0
                0x0000000008005040                . = ALIGN (0x4)
 *(.ARM.extab* .gnu.linkonce.armextab.*)
                0x0000000008005040                . = ALIGN (0x4)

.ARM            0x0000000008005040        0x8
                0x0000000008005040                . = ALIGN (0x4)
                0x0000000008005040                __exidx_start = .
 *(.ARM.exidx*)
 .ARM.exidx     0x0000000008005040        0x8 C:/ST/STM32CubeIDE_1.13.2/STM32CubeIDE/plugins/com.st.stm32cube.ide.mcu.externaltools.gnu-tools-for-stm32.11.3.rel1.win32_1.1.1.202309131626/tools/bin/../lib/gcc/arm-none-eabi/11.3.1/thumb/v7-m/nofp\libgcc.a(_udivmoddi4.o)
                0x0000000008005048                __exidx_end = .
                0x0000000008005048                . = ALIGN (0x4)

.rel.dyn        0x0000000008005048        0x0
 .rel.iplt      0x0000000008005048        0x0 C:/ST/STM32CubeIDE_1.13.2/STM32CubeIDE/plugins/com.st.stm32cube.ide.mcu.externaltools.gnu-tools-for-stm32.11.3.rel1.win32_1.1.1.202309131626/tools/bin/../lib/gcc/arm-none-eabi/11.3.1/thumb/v7-m/nofp/crtbegin.o

.preinit_array  0x0000000008005048        0x0
                0x0000000008005048                . = ALIGN (0x4)
                0x0000000008005048                PROVIDE (__preinit_array_start = .)
 *(.preinit_array*)
                0x0000000008005048                PROVIDE (__preinit_array_end = .)
                0x0000000008005048                . = ALIGN (0x4)

.init_array     0x0000000008005048        0x4
                0x0000000008005048                . = ALIGN (0x4)
                0x0000000008005048                PROVIDE (__init_array_start = .)
 *(SORT_BY_NAME(.init_array.*))
 *(.init_array*)
 .init_array    0x0000000008005048        0x4 C:/ST/STM32CubeIDE_1.13.2/STM32CubeIDE/plugins/com.st.stm32cube.ide.mcu.externaltools.gnu-tools-for-stm32.11.3.rel1.win32_1.1.1.202309131626/tools/bin/../lib/gcc/arm-none-eabi/11.3.1/thumb/v7-m/nofp/crtbegin.o
                0x000000000800504c                PROVIDE (__init_array_end = .)
                0x000000000800504c                . = ALIGN (0x4)

.fini_array     0x000000000800504c        0x4
                0x000000000800504c                . = ALIGN (0x4)
                [!provide]                        PROVIDE (__fini_array_start = .)
 *(SORT_BY_NAME(.fini_array.*))
 *(.fini_array*)
 .fini_array    0x000000000800504c        0x4 C:/ST/STM32CubeIDE_1.13.2/STM32CubeIDE/plugins/com.st.stm32cube.ide.mcu.externaltools.gnu-tools-for-stm32.11.3.rel1.win32_1.1.1.202309131626/tools/bin/../lib/gcc/arm-none-eabi/11.3.1/thumb/v7-m/nofp/crtbegin.o
                [!provide]                        PROVIDE (__fini_array_end = .)
                0x0000000008005050                . = ALIGN (0x4)
                0x0000000008005050                _sidata = LOADADDR (.data)

.data           0x0000000020000000       0x5c load address 0x0000000008005050
                0x0000000020000000                . = ALIGN (0x4)
                0x0000000020000000                _sdata = .
 *(.data)
 *(.data*)
 .data.SystemCoreClock
                0x0000000020000000        0x4 ./Core/Src/system_stm32f2xx.o
                0x0000000020000000                SystemCoreClock
 .data.uwTickPrio
                0x0000000020000004        0x4 ./Drivers/STM32F2xx_HAL_Driver/Src/stm32f2xx_hal.o
                0x0000000020000004                uwTickPrio
 .data.uwTickFreq
                0x0000000020000008        0x1 ./Drivers/STM32F2xx_HAL_Driver/Src/stm32f2xx_hal.o
                0x0000000020000008                uwTickFreq
 *fill*         0x0000000020000009        0x3 
 .data._impure_data
                0x000000002000000c       0x4c C:/ST/STM32CubeIDE_1.13.2/STM32CubeIDE/plugins/com.st.stm32cube.ide.mcu.externaltools.gnu-tools-for-stm32.11.3.rel1.win32_1.1.1.202309131626/tools/bin/../lib/gcc/arm-none-eabi/11.3.1/../../../../arm-none-eabi/lib/thumb/v7-m/nofp\libc_nano.a(libc_a-impure.o)
                0x000000002000000c                _impure_data
 .data._impure_ptr
                0x0000000020000058        0x4 C:/ST/STM32CubeIDE_1.13.2/STM32CubeIDE/plugins/com.st.stm32cube.ide.mcu.externaltools.gnu-tools-for-stm32.11.3.rel1.win32_1.1.1.202309131626/tools/bin/../lib/gcc/arm-none-eabi/11.3.1/../../../../arm-none-eabi/lib/thumb/v7-m/nofp\libc_nano.a(libc_a-impure.o)
                0x0000000020000058                _impure_ptr
 *(.RamFunc)
 *(.RamFunc*)
                0x000000002000005c                . = ALIGN (0x4)
                0x000000002000005c                _edata = .

.igot.plt       0x000000002000005c        0x0 load address 0x00000000080050ac
 .igot.plt      0x000000002000005c        0x0 C:/ST/STM32CubeIDE_1.13.2/STM32CubeIDE/plugins/com.st.stm32cube.ide.mcu.externaltools.gnu-tools-for-stm32.11.3.rel1.win32_1.1.1.202309131626/tools/bin/../lib/gcc/arm-none-eabi/11.3.1/thumb/v7-m/nofp/crtbegin.o
                0x000000002000005c                . = ALIGN (0x4)

.bss            0x000000002000005c      0x860 load address 0x00000000080050ac
                0x000000002000005c                _sbss = .
                0x000000002000005c                __bss_start__ = _sbss
 *(.bss)
 .bss           0x000000002000005c       0x1c C:/ST/STM32CubeIDE_1.13.2/STM32CubeIDE/plugins/com.st.stm32cube.ide.mcu.externaltools.gnu-tools-for-stm32.11.3.rel1.win32_1.1.1.202309131626/tools/bin/../lib/gcc/arm-none-eabi/11.3.1/thumb/v7-m/nofp/crtbegin.o
 *(.bss*)
 .bss.hadc1     0x0000000020000078       0x48 ./Core/Src/main.o
                0x0000000020000078                hadc1
 .bss.hadc3     0x00000000200000c0       0x48 ./Core/Src/main.o
                0x00000000200000c0                hadc3
 .bss.huart3    0x0000000020000108       0x48 ./Core/Src/main.o
                0x0000000020000108                huart3
 .bss.hdma_memtomem_dma2_stream0
                0x0000000020000150       0x60 ./Core/Src/main.o
                0x0000000020000150                hdma_memtomem_dma2_stream0
 .bss.rx_buff   0x00000000200001b0        0x1 ./Core/Src/main.o
                0x00000000200001b0                rx_buff
 *fill*         0x00000000200001b1        0x3 
 .bss.MAG       0x00000000200001b4       0x6c ./Core/Src/main.o
                0x00000000200001b4                MAG
 .bss.cursor    0x0000000020000220        0x1 ./Core/Src/main.o
                0x0000000020000220                cursor
 *fill*         0x0000000020000221        0x3 
 .bss.command   0x0000000020000224       0x40 ./Core/Src/main.o
                0x0000000020000224                command
 .bss.null      0x0000000020000264        0x1 ./Core/Src/main.o
                0x0000000020000264                null
 *fill*         0x0000000020000265        0x3 
 .bss.Command_array
                0x0000000020000268      0x500 ./Core/Src/main.o
                0x0000000020000268                Command_array
 .bss.terminal_mode
                0x0000000020000768        0x1 ./Core/Src/main.o
                0x0000000020000768                terminal_mode
 *fill*         0x0000000020000769        0x3 
 .bss.__sbrk_heap_end
                0x000000002000076c        0x4 ./Core/Src/sysmem.o
 .bss.uwTick    0x0000000020000770        0x4 ./Drivers/STM32F2xx_HAL_Driver/Src/stm32f2xx_hal.o
                0x0000000020000770                uwTick
 .bss.__sf      0x0000000020000774      0x138 C:/ST/STM32CubeIDE_1.13.2/STM32CubeIDE/plugins/com.st.stm32cube.ide.mcu.externaltools.gnu-tools-for-stm32.11.3.rel1.win32_1.1.1.202309131626/tools/bin/../lib/gcc/arm-none-eabi/11.3.1/../../../../arm-none-eabi/lib/thumb/v7-m/nofp\libc_nano.a(libc_a-findfp.o)
                0x0000000020000774                __sf
 .bss.errno     0x00000000200008ac        0x4 C:/ST/STM32CubeIDE_1.13.2/STM32CubeIDE/plugins/com.st.stm32cube.ide.mcu.externaltools.gnu-tools-for-stm32.11.3.rel1.win32_1.1.1.202309131626/tools/bin/../lib/gcc/arm-none-eabi/11.3.1/../../../../arm-none-eabi/lib/thumb/v7-m/nofp\libc_nano.a(libc_a-reent.o)
                0x00000000200008ac                errno
 .bss.__lock___malloc_recursive_mutex
                0x00000000200008b0        0x1 C:/ST/STM32CubeIDE_1.13.2/STM32CubeIDE/plugins/com.st.stm32cube.ide.mcu.externaltools.gnu-tools-for-stm32.11.3.rel1.win32_1.1.1.202309131626/tools/bin/../lib/gcc/arm-none-eabi/11.3.1/../../../../arm-none-eabi/lib/thumb/v7-m/nofp\libc_nano.a(libc_a-lock.o)
                0x00000000200008b0                __lock___malloc_recursive_mutex
 *fill*         0x00000000200008b1        0x3 
 .bss.__malloc_free_list
                0x00000000200008b4        0x4 C:/ST/STM32CubeIDE_1.13.2/STM32CubeIDE/plugins/com.st.stm32cube.ide.mcu.externaltools.gnu-tools-for-stm32.11.3.rel1.win32_1.1.1.202309131626/tools/bin/../lib/gcc/arm-none-eabi/11.3.1/../../../../arm-none-eabi/lib/thumb/v7-m/nofp\libc_nano.a(libc_a-mallocr.o)
                0x00000000200008b4                __malloc_free_list
 .bss.__malloc_sbrk_start
                0x00000000200008b8        0x4 C:/ST/STM32CubeIDE_1.13.2/STM32CubeIDE/plugins/com.st.stm32cube.ide.mcu.externaltools.gnu-tools-for-stm32.11.3.rel1.win32_1.1.1.202309131626/tools/bin/../lib/gcc/arm-none-eabi/11.3.1/../../../../arm-none-eabi/lib/thumb/v7-m/nofp\libc_nano.a(libc_a-mallocr.o)
                0x00000000200008b8                __malloc_sbrk_start
 *(COMMON)
                0x00000000200008bc                . = ALIGN (0x4)
                0x00000000200008bc                _ebss = .
                0x00000000200008bc                __bss_end__ = _ebss

._user_heap_stack
                0x00000000200008bc      0x604 load address 0x00000000080050ac
                0x00000000200008c0                . = ALIGN (0x8)
 *fill*         0x00000000200008bc        0x4 
                [!provide]                        PROVIDE (end = .)
                0x00000000200008c0                PROVIDE (_end = .)
                0x0000000020000ac0                . = (. + _Min_Heap_Size)
 *fill*         0x00000000200008c0      0x200 
                0x0000000020000ec0                . = (. + _Min_Stack_Size)
 *fill*         0x0000000020000ac0      0x400 
                0x0000000020000ec0                . = ALIGN (0x8)

/DISCARD/
 libc.a(*)
 libm.a(*)
 libgcc.a(*)

.ARM.attributes
                0x0000000000000000       0x29
 *(.ARM.attributes)
 .ARM.attributes
                0x0000000000000000       0x1d C:/ST/STM32CubeIDE_1.13.2/STM32CubeIDE/plugins/com.st.stm32cube.ide.mcu.externaltools.gnu-tools-for-stm32.11.3.rel1.win32_1.1.1.202309131626/tools/bin/../lib/gcc/arm-none-eabi/11.3.1/thumb/v7-m/nofp/crti.o
 .ARM.attributes
                0x000000000000001d       0x2d C:/ST/STM32CubeIDE_1.13.2/STM32CubeIDE/plugins/com.st.stm32cube.ide.mcu.externaltools.gnu-tools-for-stm32.11.3.rel1.win32_1.1.1.202309131626/tools/bin/../lib/gcc/arm-none-eabi/11.3.1/thumb/v7-m/nofp/crtbegin.o
 .ARM.attributes
                0x000000000000004a       0x2d ./Core/Src/CLI.o
 .ARM.attributes
                0x0000000000000077       0x2d ./Core/Src/CLI_f.o
 .ARM.attributes
                0x00000000000000a4       0x2d ./Core/Src/main.o
 .ARM.attributes
                0x00000000000000d1       0x2d ./Core/Src/sofstarter.o
 .ARM.attributes
                0x00000000000000fe       0x2d ./Core/Src/stm32f2xx_hal_msp.o
 .ARM.attributes
                0x000000000000012b       0x2d ./Core/Src/stm32f2xx_it.o
 .ARM.attributes
                0x0000000000000158       0x2d ./Core/Src/sysmem.o
 .ARM.attributes
                0x0000000000000185       0x2d ./Core/Src/system_stm32f2xx.o
 .ARM.attributes
                0x00000000000001b2       0x21 ./Core/Startup/startup_stm32f207zgtx.o
 .ARM.attributes
                0x00000000000001d3       0x2d ./Drivers/STM32F2xx_HAL_Driver/Src/stm32f2xx_hal.o
 .ARM.attributes
                0x0000000000000200       0x2d ./Drivers/STM32F2xx_HAL_Driver/Src/stm32f2xx_hal_adc.o
 .ARM.attributes
                0x000000000000022d       0x2d ./Drivers/STM32F2xx_HAL_Driver/Src/stm32f2xx_hal_cortex.o
 .ARM.attributes
                0x000000000000025a       0x2d ./Drivers/STM32F2xx_HAL_Driver/Src/stm32f2xx_hal_dma.o
 .ARM.attributes
                0x0000000000000287       0x2d ./Drivers/STM32F2xx_HAL_Driver/Src/stm32f2xx_hal_gpio.o
 .ARM.attributes
                0x00000000000002b4       0x2d ./Drivers/STM32F2xx_HAL_Driver/Src/stm32f2xx_hal_rcc.o
 .ARM.attributes
                0x00000000000002e1       0x2d ./Drivers/STM32F2xx_HAL_Driver/Src/stm32f2xx_hal_uart.o
 .ARM.attributes
                0x000000000000030e       0x2d C:/ST/STM32CubeIDE_1.13.2/STM32CubeIDE/plugins/com.st.stm32cube.ide.mcu.externaltools.gnu-tools-for-stm32.11.3.rel1.win32_1.1.1.202309131626/tools/bin/../lib/gcc/arm-none-eabi/11.3.1/../../../../arm-none-eabi/lib/thumb/v7-m/nofp\libc_nano.a(libc_a-findfp.o)
 .ARM.attributes
                0x000000000000033b       0x2d C:/ST/STM32CubeIDE_1.13.2/STM32CubeIDE/plugins/com.st.stm32cube.ide.mcu.externaltools.gnu-tools-for-stm32.11.3.rel1.win32_1.1.1.202309131626/tools/bin/../lib/gcc/arm-none-eabi/11.3.1/../../../../arm-none-eabi/lib/thumb/v7-m/nofp\libc_nano.a(libc_a-sprintf.o)
 .ARM.attributes
                0x0000000000000368       0x2d C:/ST/STM32CubeIDE_1.13.2/STM32CubeIDE/plugins/com.st.stm32cube.ide.mcu.externaltools.gnu-tools-for-stm32.11.3.rel1.win32_1.1.1.202309131626/tools/bin/../lib/gcc/arm-none-eabi/11.3.1/../../../../arm-none-eabi/lib/thumb/v7-m/nofp\libc_nano.a(libc_a-memset.o)
 .ARM.attributes
                0x0000000000000395       0x2d C:/ST/STM32CubeIDE_1.13.2/STM32CubeIDE/plugins/com.st.stm32cube.ide.mcu.externaltools.gnu-tools-for-stm32.11.3.rel1.win32_1.1.1.202309131626/tools/bin/../lib/gcc/arm-none-eabi/11.3.1/../../../../arm-none-eabi/lib/thumb/v7-m/nofp\libc_nano.a(libc_a-strncmp.o)
 .ARM.attributes
                0x00000000000003c2       0x2d C:/ST/STM32CubeIDE_1.13.2/STM32CubeIDE/plugins/com.st.stm32cube.ide.mcu.externaltools.gnu-tools-for-stm32.11.3.rel1.win32_1.1.1.202309131626/tools/bin/../lib/gcc/arm-none-eabi/11.3.1/../../../../arm-none-eabi/lib/thumb/v7-m/nofp\libc_nano.a(libc_a-reent.o)
 .ARM.attributes
                0x00000000000003ef       0x2d C:/ST/STM32CubeIDE_1.13.2/STM32CubeIDE/plugins/com.st.stm32cube.ide.mcu.externaltools.gnu-tools-for-stm32.11.3.rel1.win32_1.1.1.202309131626/tools/bin/../lib/gcc/arm-none-eabi/11.3.1/../../../../arm-none-eabi/lib/thumb/v7-m/nofp\libc_nano.a(libc_a-impure.o)
 .ARM.attributes
                0x000000000000041c       0x2d C:/ST/STM32CubeIDE_1.13.2/STM32CubeIDE/plugins/com.st.stm32cube.ide.mcu.externaltools.gnu-tools-for-stm32.11.3.rel1.win32_1.1.1.202309131626/tools/bin/../lib/gcc/arm-none-eabi/11.3.1/../../../../arm-none-eabi/lib/thumb/v7-m/nofp\libc_nano.a(libc_a-errno.o)
 .ARM.attributes
                0x0000000000000449       0x2d C:/ST/STM32CubeIDE_1.13.2/STM32CubeIDE/plugins/com.st.stm32cube.ide.mcu.externaltools.gnu-tools-for-stm32.11.3.rel1.win32_1.1.1.202309131626/tools/bin/../lib/gcc/arm-none-eabi/11.3.1/../../../../arm-none-eabi/lib/thumb/v7-m/nofp\libc_nano.a(libc_a-init.o)
 .ARM.attributes
                0x0000000000000476       0x2d C:/ST/STM32CubeIDE_1.13.2/STM32CubeIDE/plugins/com.st.stm32cube.ide.mcu.externaltools.gnu-tools-for-stm32.11.3.rel1.win32_1.1.1.202309131626/tools/bin/../lib/gcc/arm-none-eabi/11.3.1/../../../../arm-none-eabi/lib/thumb/v7-m/nofp\libc_nano.a(libc_a-lock.o)
 .ARM.attributes
                0x00000000000004a3       0x17 C:/ST/STM32CubeIDE_1.13.2/STM32CubeIDE/plugins/com.st.stm32cube.ide.mcu.externaltools.gnu-tools-for-stm32.11.3.rel1.win32_1.1.1.202309131626/tools/bin/../lib/gcc/arm-none-eabi/11.3.1/../../../../arm-none-eabi/lib/thumb/v7-m/nofp\libc_nano.a(libc_a-strlen.o)
 .ARM.attributes
                0x00000000000004ba       0x2d C:/ST/STM32CubeIDE_1.13.2/STM32CubeIDE/plugins/com.st.stm32cube.ide.mcu.externaltools.gnu-tools-for-stm32.11.3.rel1.win32_1.1.1.202309131626/tools/bin/../lib/gcc/arm-none-eabi/11.3.1/../../../../arm-none-eabi/lib/thumb/v7-m/nofp\libc_nano.a(libc_a-freer.o)
 .ARM.attributes
                0x00000000000004e7       0x2d C:/ST/STM32CubeIDE_1.13.2/STM32CubeIDE/plugins/com.st.stm32cube.ide.mcu.externaltools.gnu-tools-for-stm32.11.3.rel1.win32_1.1.1.202309131626/tools/bin/../lib/gcc/arm-none-eabi/11.3.1/../../../../arm-none-eabi/lib/thumb/v7-m/nofp\libc_nano.a(libc_a-mallocr.o)
 .ARM.attributes
                0x0000000000000514       0x2d C:/ST/STM32CubeIDE_1.13.2/STM32CubeIDE/plugins/com.st.stm32cube.ide.mcu.externaltools.gnu-tools-for-stm32.11.3.rel1.win32_1.1.1.202309131626/tools/bin/../lib/gcc/arm-none-eabi/11.3.1/../../../../arm-none-eabi/lib/thumb/v7-m/nofp\libc_nano.a(libc_a-mlock.o)
 .ARM.attributes
                0x0000000000000541       0x2d C:/ST/STM32CubeIDE_1.13.2/STM32CubeIDE/plugins/com.st.stm32cube.ide.mcu.externaltools.gnu-tools-for-stm32.11.3.rel1.win32_1.1.1.202309131626/tools/bin/../lib/gcc/arm-none-eabi/11.3.1/../../../../arm-none-eabi/lib/thumb/v7-m/nofp\libc_nano.a(libc_a-nano-svfprintf.o)
 .ARM.attributes
                0x000000000000056e       0x2d C:/ST/STM32CubeIDE_1.13.2/STM32CubeIDE/plugins/com.st.stm32cube.ide.mcu.externaltools.gnu-tools-for-stm32.11.3.rel1.win32_1.1.1.202309131626/tools/bin/../lib/gcc/arm-none-eabi/11.3.1/../../../../arm-none-eabi/lib/thumb/v7-m/nofp\libc_nano.a(libc_a-nano-vfprintf_i.o)
 .ARM.attributes
                0x000000000000059b       0x2d C:/ST/STM32CubeIDE_1.13.2/STM32CubeIDE/plugins/com.st.stm32cube.ide.mcu.externaltools.gnu-tools-for-stm32.11.3.rel1.win32_1.1.1.202309131626/tools/bin/../lib/gcc/arm-none-eabi/11.3.1/../../../../arm-none-eabi/lib/thumb/v7-m/nofp\libc_nano.a(libc_a-memmove.o)
 .ARM.attributes
                0x00000000000005c8       0x2d C:/ST/STM32CubeIDE_1.13.2/STM32CubeIDE/plugins/com.st.stm32cube.ide.mcu.externaltools.gnu-tools-for-stm32.11.3.rel1.win32_1.1.1.202309131626/tools/bin/../lib/gcc/arm-none-eabi/11.3.1/../../../../arm-none-eabi/lib/thumb/v7-m/nofp\libc_nano.a(libc_a-sbrkr.o)
 .ARM.attributes
                0x00000000000005f5       0x2d C:/ST/STM32CubeIDE_1.13.2/STM32CubeIDE/plugins/com.st.stm32cube.ide.mcu.externaltools.gnu-tools-for-stm32.11.3.rel1.win32_1.1.1.202309131626/tools/bin/../lib/gcc/arm-none-eabi/11.3.1/../../../../arm-none-eabi/lib/thumb/v7-m/nofp\libc_nano.a(libc_a-memchr-stub.o)
 .ARM.attributes
                0x0000000000000622       0x2d C:/ST/STM32CubeIDE_1.13.2/STM32CubeIDE/plugins/com.st.stm32cube.ide.mcu.externaltools.gnu-tools-for-stm32.11.3.rel1.win32_1.1.1.202309131626/tools/bin/../lib/gcc/arm-none-eabi/11.3.1/../../../../arm-none-eabi/lib/thumb/v7-m/nofp\libc_nano.a(libc_a-memcpy-stub.o)
 .ARM.attributes
                0x000000000000064f       0x2d C:/ST/STM32CubeIDE_1.13.2/STM32CubeIDE/plugins/com.st.stm32cube.ide.mcu.externaltools.gnu-tools-for-stm32.11.3.rel1.win32_1.1.1.202309131626/tools/bin/../lib/gcc/arm-none-eabi/11.3.1/../../../../arm-none-eabi/lib/thumb/v7-m/nofp\libc_nano.a(libc_a-reallocr.o)
 .ARM.attributes
                0x000000000000067c       0x2d C:/ST/STM32CubeIDE_1.13.2/STM32CubeIDE/plugins/com.st.stm32cube.ide.mcu.externaltools.gnu-tools-for-stm32.11.3.rel1.win32_1.1.1.202309131626/tools/bin/../lib/gcc/arm-none-eabi/11.3.1/../../../../arm-none-eabi/lib/thumb/v7-m/nofp\libc_nano.a(libc_a-msizer.o)
 .ARM.attributes
                0x00000000000006a9       0x1d C:/ST/STM32CubeIDE_1.13.2/STM32CubeIDE/plugins/com.st.stm32cube.ide.mcu.externaltools.gnu-tools-for-stm32.11.3.rel1.win32_1.1.1.202309131626/tools/bin/../lib/gcc/arm-none-eabi/11.3.1/thumb/v7-m/nofp\libgcc.a(_aeabi_uldivmod.o)
 .ARM.attributes
                0x00000000000006c6       0x2d C:/ST/STM32CubeIDE_1.13.2/STM32CubeIDE/plugins/com.st.stm32cube.ide.mcu.externaltools.gnu-tools-for-stm32.11.3.rel1.win32_1.1.1.202309131626/tools/bin/../lib/gcc/arm-none-eabi/11.3.1/thumb/v7-m/nofp\libgcc.a(_udivmoddi4.o)
 .ARM.attributes
                0x00000000000006f3       0x1d C:/ST/STM32CubeIDE_1.13.2/STM32CubeIDE/plugins/com.st.stm32cube.ide.mcu.externaltools.gnu-tools-for-stm32.11.3.rel1.win32_1.1.1.202309131626/tools/bin/../lib/gcc/arm-none-eabi/11.3.1/thumb/v7-m/nofp\libgcc.a(_dvmd_tls.o)
 .ARM.attributes
                0x0000000000000710       0x1d C:/ST/STM32CubeIDE_1.13.2/STM32CubeIDE/plugins/com.st.stm32cube.ide.mcu.externaltools.gnu-tools-for-stm32.11.3.rel1.win32_1.1.1.202309131626/tools/bin/../lib/gcc/arm-none-eabi/11.3.1/thumb/v7-m/nofp/crtn.o
OUTPUT(MAG_Controler.elf elf32-littlearm)
LOAD linker stubs
LOAD C:/ST/STM32CubeIDE_1.13.2/STM32CubeIDE/plugins/com.st.stm32cube.ide.mcu.externaltools.gnu-tools-for-stm32.11.3.rel1.win32_1.1.1.202309131626/tools/bin/../lib/gcc/arm-none-eabi/11.3.1/../../../../arm-none-eabi/lib/thumb/v7-m/nofp\libc.a
LOAD C:/ST/STM32CubeIDE_1.13.2/STM32CubeIDE/plugins/com.st.stm32cube.ide.mcu.externaltools.gnu-tools-for-stm32.11.3.rel1.win32_1.1.1.202309131626/tools/bin/../lib/gcc/arm-none-eabi/11.3.1/../../../../arm-none-eabi/lib/thumb/v7-m/nofp\libm.a
LOAD C:/ST/STM32CubeIDE_1.13.2/STM32CubeIDE/plugins/com.st.stm32cube.ide.mcu.externaltools.gnu-tools-for-stm32.11.3.rel1.win32_1.1.1.202309131626/tools/bin/../lib/gcc/arm-none-eabi/11.3.1/thumb/v7-m/nofp\libgcc.a

.comment        0x0000000000000000       0x43
 .comment       0x0000000000000000       0x43 C:/ST/STM32CubeIDE_1.13.2/STM32CubeIDE/plugins/com.st.stm32cube.ide.mcu.externaltools.gnu-tools-for-stm32.11.3.rel1.win32_1.1.1.202309131626/tools/bin/../lib/gcc/arm-none-eabi/11.3.1/thumb/v7-m/nofp/crtbegin.o
                                         0x44 (size before relaxing)
 .comment       0x0000000000000043       0x44 ./Core/Src/CLI.o
 .comment       0x0000000000000043       0x44 ./Core/Src/CLI_f.o
 .comment       0x0000000000000043       0x44 ./Core/Src/main.o
 .comment       0x0000000000000043       0x44 ./Core/Src/sofstarter.o
 .comment       0x0000000000000043       0x44 ./Core/Src/stm32f2xx_hal_msp.o
 .comment       0x0000000000000043       0x44 ./Core/Src/stm32f2xx_it.o
 .comment       0x0000000000000043       0x44 ./Core/Src/sysmem.o
 .comment       0x0000000000000043       0x44 ./Core/Src/system_stm32f2xx.o
 .comment       0x0000000000000043       0x44 ./Drivers/STM32F2xx_HAL_Driver/Src/stm32f2xx_hal.o
 .comment       0x0000000000000043       0x44 ./Drivers/STM32F2xx_HAL_Driver/Src/stm32f2xx_hal_adc.o
 .comment       0x0000000000000043       0x44 ./Drivers/STM32F2xx_HAL_Driver/Src/stm32f2xx_hal_cortex.o
 .comment       0x0000000000000043       0x44 ./Drivers/STM32F2xx_HAL_Driver/Src/stm32f2xx_hal_dma.o
 .comment       0x0000000000000043       0x44 ./Drivers/STM32F2xx_HAL_Driver/Src/stm32f2xx_hal_gpio.o
 .comment       0x0000000000000043       0x44 ./Drivers/STM32F2xx_HAL_Driver/Src/stm32f2xx_hal_rcc.o
 .comment       0x0000000000000043       0x44 ./Drivers/STM32F2xx_HAL_Driver/Src/stm32f2xx_hal_uart.o

.debug_info     0x0000000000000000     0xaaf9
 .debug_info    0x0000000000000000      0x19e ./Core/Src/CLI.o
 .debug_info    0x000000000000019e      0xa28 ./Core/Src/CLI_f.o
 .debug_info    0x0000000000000bc6     0x1420 ./Core/Src/main.o
 .debug_info    0x0000000000001fe6      0x42a ./Core/Src/sofstarter.o
 .debug_info    0x0000000000002410      0xe86 ./Core/Src/stm32f2xx_hal_msp.o
 .debug_info    0x0000000000003296      0x640 ./Core/Src/stm32f2xx_it.o
 .debug_info    0x00000000000038d6      0x168 ./Core/Src/sysmem.o
 .debug_info    0x0000000000003a3e      0x31f ./Core/Src/system_stm32f2xx.o
 .debug_info    0x0000000000003d5d       0x23 ./Core/Startup/startup_stm32f207zgtx.o
 .debug_info    0x0000000000003d80      0x9c3 ./Drivers/STM32F2xx_HAL_Driver/Src/stm32f2xx_hal.o
 .debug_info    0x0000000000004743      0xcd0 ./Drivers/STM32F2xx_HAL_Driver/Src/stm32f2xx_hal_adc.o
 .debug_info    0x0000000000005413      0xd46 ./Drivers/STM32F2xx_HAL_Driver/Src/stm32f2xx_hal_cortex.o
 .debug_info    0x0000000000006159      0x8e7 ./Drivers/STM32F2xx_HAL_Driver/Src/stm32f2xx_hal_dma.o
 .debug_info    0x0000000000006a40      0x68e ./Drivers/STM32F2xx_HAL_Driver/Src/stm32f2xx_hal_gpio.o
 .debug_info    0x00000000000070ce      0xa39 ./Drivers/STM32F2xx_HAL_Driver/Src/stm32f2xx_hal_rcc.o
 .debug_info    0x0000000000007b07     0x2ff2 ./Drivers/STM32F2xx_HAL_Driver/Src/stm32f2xx_hal_uart.o

.debug_abbrev   0x0000000000000000     0x1ee1
 .debug_abbrev  0x0000000000000000       0xf1 ./Core/Src/CLI.o
 .debug_abbrev  0x00000000000000f1      0x1f1 ./Core/Src/CLI_f.o
 .debug_abbrev  0x00000000000002e2      0x2d6 ./Core/Src/main.o
 .debug_abbrev  0x00000000000005b8      0x1b3 ./Core/Src/sofstarter.o
 .debug_abbrev  0x000000000000076b      0x1cc ./Core/Src/stm32f2xx_hal_msp.o
 .debug_abbrev  0x0000000000000937      0x175 ./Core/Src/stm32f2xx_it.o
 .debug_abbrev  0x0000000000000aac       0xbc ./Core/Src/sysmem.o
 .debug_abbrev  0x0000000000000b68      0x11c ./Core/Src/system_stm32f2xx.o
 .debug_abbrev  0x0000000000000c84       0x12 ./Core/Startup/startup_stm32f207zgtx.o
 .debug_abbrev  0x0000000000000c96      0x286 ./Drivers/STM32F2xx_HAL_Driver/Src/stm32f2xx_hal.o
 .debug_abbrev  0x0000000000000f1c      0x28b ./Drivers/STM32F2xx_HAL_Driver/Src/stm32f2xx_hal_adc.o
 .debug_abbrev  0x00000000000011a7      0x327 ./Drivers/STM32F2xx_HAL_Driver/Src/stm32f2xx_hal_cortex.o
 .debug_abbrev  0x00000000000014ce      0x264 ./Drivers/STM32F2xx_HAL_Driver/Src/stm32f2xx_hal_dma.o
 .debug_abbrev  0x0000000000001732      0x1cb ./Drivers/STM32F2xx_HAL_Driver/Src/stm32f2xx_hal_gpio.o
 .debug_abbrev  0x00000000000018fd      0x2d6 ./Drivers/STM32F2xx_HAL_Driver/Src/stm32f2xx_hal_rcc.o
 .debug_abbrev  0x0000000000001bd3      0x30e ./Drivers/STM32F2xx_HAL_Driver/Src/stm32f2xx_hal_uart.o

.debug_aranges  0x0000000000000000      0x8c8
 .debug_aranges
                0x0000000000000000       0x20 ./Core/Src/CLI.o
 .debug_aranges
                0x0000000000000020       0x58 ./Core/Src/CLI_f.o
 .debug_aranges
                0x0000000000000078       0x68 ./Core/Src/main.o
 .debug_aranges
                0x00000000000000e0       0x68 ./Core/Src/sofstarter.o
 .debug_aranges
                0x0000000000000148       0x40 ./Core/Src/stm32f2xx_hal_msp.o
 .debug_aranges
                0x0000000000000188       0x68 ./Core/Src/stm32f2xx_it.o
 .debug_aranges
                0x00000000000001f0       0x20 ./Core/Src/sysmem.o
 .debug_aranges
                0x0000000000000210       0x28 ./Core/Src/system_stm32f2xx.o
 .debug_aranges
                0x0000000000000238       0x28 ./Core/Startup/startup_stm32f207zgtx.o
 .debug_aranges
                0x0000000000000260       0xf0 ./Drivers/STM32F2xx_HAL_Driver/Src/stm32f2xx_hal.o
 .debug_aranges
                0x0000000000000350       0xe8 ./Drivers/STM32F2xx_HAL_Driver/Src/stm32f2xx_hal_adc.o
 .debug_aranges
                0x0000000000000438      0x118 ./Drivers/STM32F2xx_HAL_Driver/Src/stm32f2xx_hal_cortex.o
 .debug_aranges
                0x0000000000000550       0x90 ./Drivers/STM32F2xx_HAL_Driver/Src/stm32f2xx_hal_dma.o
 .debug_aranges
                0x00000000000005e0       0x58 ./Drivers/STM32F2xx_HAL_Driver/Src/stm32f2xx_hal_gpio.o
 .debug_aranges
                0x0000000000000638       0x88 ./Drivers/STM32F2xx_HAL_Driver/Src/stm32f2xx_hal_rcc.o
 .debug_aranges
                0x00000000000006c0      0x208 ./Drivers/STM32F2xx_HAL_Driver/Src/stm32f2xx_hal_uart.o

.debug_rnglists
                0x0000000000000000      0x6ae
 .debug_rnglists
                0x0000000000000000       0x14 ./Core/Src/CLI.o
 .debug_rnglists
                0x0000000000000014       0x41 ./Core/Src/CLI_f.o
 .debug_rnglists
                0x0000000000000055       0x50 ./Core/Src/main.o
 .debug_rnglists
                0x00000000000000a5       0x49 ./Core/Src/sofstarter.o
 .debug_rnglists
                0x00000000000000ee       0x2d ./Core/Src/stm32f2xx_hal_msp.o
 .debug_rnglists
                0x000000000000011b       0x49 ./Core/Src/stm32f2xx_it.o
 .debug_rnglists
                0x0000000000000164       0x13 ./Core/Src/sysmem.o
 .debug_rnglists
                0x0000000000000177       0x1a ./Core/Src/system_stm32f2xx.o
 .debug_rnglists
                0x0000000000000191       0x19 ./Core/Startup/startup_stm32f207zgtx.o
 .debug_rnglists
                0x00000000000001aa       0xaf ./Drivers/STM32F2xx_HAL_Driver/Src/stm32f2xx_hal.o
 .debug_rnglists
                0x0000000000000259       0xb5 ./Drivers/STM32F2xx_HAL_Driver/Src/stm32f2xx_hal_adc.o
 .debug_rnglists
                0x000000000000030e       0xce ./Drivers/STM32F2xx_HAL_Driver/Src/stm32f2xx_hal_cortex.o
 .debug_rnglists
                0x00000000000003dc       0x70 ./Drivers/STM32F2xx_HAL_Driver/Src/stm32f2xx_hal_dma.o
 .debug_rnglists
                0x000000000000044c       0x3f ./Drivers/STM32F2xx_HAL_Driver/Src/stm32f2xx_hal_gpio.o
 .debug_rnglists
                0x000000000000048b       0x67 ./Drivers/STM32F2xx_HAL_Driver/Src/stm32f2xx_hal_rcc.o
 .debug_rnglists
                0x00000000000004f2      0x1bc ./Drivers/STM32F2xx_HAL_Driver/Src/stm32f2xx_hal_uart.o

.debug_macro    0x0000000000000000    0x204c7
 .debug_macro   0x0000000000000000      0x2ed ./Core/Src/CLI.o
 .debug_macro   0x00000000000002ed      0xa9c ./Core/Src/CLI.o
 .debug_macro   0x0000000000000d89      0x23e ./Core/Src/CLI.o
 .debug_macro   0x0000000000000fc7       0x2e ./Core/Src/CLI.o
 .debug_macro   0x0000000000000ff5       0x22 ./Core/Src/CLI.o
 .debug_macro   0x0000000000001017       0x22 ./Core/Src/CLI.o
 .debug_macro   0x0000000000001039       0x8e ./Core/Src/CLI.o
 .debug_macro   0x00000000000010c7       0x51 ./Core/Src/CLI.o
 .debug_macro   0x0000000000001118      0x103 ./Core/Src/CLI.o
 .debug_macro   0x000000000000121b       0x6a ./Core/Src/CLI.o
 .debug_macro   0x0000000000001285      0x1df ./Core/Src/CLI.o
 .debug_macro   0x0000000000001464       0x1c ./Core/Src/CLI.o
 .debug_macro   0x0000000000001480       0x22 ./Core/Src/CLI.o
 .debug_macro   0x00000000000014a2       0xbd ./Core/Src/CLI.o
 .debug_macro   0x000000000000155f      0xe49 ./Core/Src/CLI.o
 .debug_macro   0x00000000000023a8      0x11f ./Core/Src/CLI.o
 .debug_macro   0x00000000000024c7    0x14fe1 ./Core/Src/CLI.o
 .debug_macro   0x00000000000174a8       0x6d ./Core/Src/CLI.o
 .debug_macro   0x0000000000017515     0x35a5 ./Core/Src/CLI.o
 .debug_macro   0x000000000001aaba      0x174 ./Core/Src/CLI.o
 .debug_macro   0x000000000001ac2e       0x55 ./Core/Src/CLI.o
 .debug_macro   0x000000000001ac83     0x1056 ./Core/Src/CLI.o
 .debug_macro   0x000000000001bcd9      0x153 ./Core/Src/CLI.o
 .debug_macro   0x000000000001be2c      0x170 ./Core/Src/CLI.o
 .debug_macro   0x000000000001bf9c      0x115 ./Core/Src/CLI.o
 .debug_macro   0x000000000001c0b1      0x108 ./Core/Src/CLI.o
 .debug_macro   0x000000000001c1b9       0xa5 ./Core/Src/CLI.o
 .debug_macro   0x000000000001c25e      0x16a ./Core/Src/CLI.o
 .debug_macro   0x000000000001c3c8      0x287 ./Core/Src/CLI.o
 .debug_macro   0x000000000001c64f       0x5f ./Core/Src/CLI.o
 .debug_macro   0x000000000001c6ae      0x236 ./Core/Src/CLI.o
 .debug_macro   0x000000000001c8e4      0x37c ./Core/Src/CLI.o
 .debug_macro   0x000000000001cc60      0x16f ./Core/Src/CLI.o
 .debug_macro   0x000000000001cdcf       0xf9 ./Core/Src/CLI.o
 .debug_macro   0x000000000001cec8      0x126 ./Core/Src/CLI.o
 .debug_macro   0x000000000001cfee      0x216 ./Core/Src/CLI.o
 .debug_macro   0x000000000001d204       0x2e ./Core/Src/CLI.o
 .debug_macro   0x000000000001d232      0x113 ./Core/Src/CLI.o
 .debug_macro   0x000000000001d345       0x22 ./Core/Src/CLI.o
 .debug_macro   0x000000000001d367       0x82 ./Core/Src/CLI.o
 .debug_macro   0x000000000001d3e9      0x2aa ./Core/Src/CLI.o
 .debug_macro   0x000000000001d693      0x12d ./Core/Src/CLI.o
 .debug_macro   0x000000000001d7c0       0x61 ./Core/Src/CLI.o
 .debug_macro   0x000000000001d821       0x24 ./Core/Src/CLI.o
 .debug_macro   0x000000000001d845       0x43 ./Core/Src/CLI.o
 .debug_macro   0x000000000001d888       0x34 ./Core/Src/CLI.o
 .debug_macro   0x000000000001d8bc       0x16 ./Core/Src/CLI.o
 .debug_macro   0x000000000001d8d2       0x35 ./Core/Src/CLI.o
 .debug_macro   0x000000000001d907      0x369 ./Core/Src/CLI.o
 .debug_macro   0x000000000001dc70       0x10 ./Core/Src/CLI.o
 .debug_macro   0x000000000001dc80       0x16 ./Core/Src/CLI.o
 .debug_macro   0x000000000001dc96       0x43 ./Core/Src/CLI.o
 .debug_macro   0x000000000001dcd9       0x34 ./Core/Src/CLI.o
 .debug_macro   0x000000000001dd0d       0x10 ./Core/Src/CLI.o
 .debug_macro   0x000000000001dd1d       0x58 ./Core/Src/CLI.o
 .debug_macro   0x000000000001dd75       0x8e ./Core/Src/CLI.o
 .debug_macro   0x000000000001de03       0x1c ./Core/Src/CLI.o
 .debug_macro   0x000000000001de1f      0x177 ./Core/Src/CLI.o
 .debug_macro   0x000000000001df96       0x16 ./Core/Src/CLI.o
 .debug_macro   0x000000000001dfac       0x16 ./Core/Src/CLI.o
 .debug_macro   0x000000000001dfc2      0x147 ./Core/Src/CLI.o
 .debug_macro   0x000000000001e109       0x16 ./Core/Src/CLI.o
 .debug_macro   0x000000000001e11f       0x20 ./Core/Src/CLI.o
 .debug_macro   0x000000000001e13f      0x299 ./Core/Src/CLI.o
 .debug_macro   0x000000000001e3d8      0x2f7 ./Core/Src/CLI_f.o
 .debug_macro   0x000000000001e6cf      0x319 ./Core/Src/main.o
 .debug_macro   0x000000000001e9e8      0x2ed ./Core/Src/sofstarter.o
 .debug_macro   0x000000000001ecd5      0x2e3 ./Core/Src/stm32f2xx_hal_msp.o
 .debug_macro   0x000000000001efb8      0x2ed ./Core/Src/stm32f2xx_it.o
 .debug_macro   0x000000000001f2a5       0xff ./Core/Src/sysmem.o
 .debug_macro   0x000000000001f3a4      0x23c ./Core/Src/sysmem.o
 .debug_macro   0x000000000001f5e0      0x1cc ./Core/Src/system_stm32f2xx.o
 .debug_macro   0x000000000001f7ac      0x21a ./Drivers/STM32F2xx_HAL_Driver/Src/stm32f2xx_hal.o
 .debug_macro   0x000000000001f9c6      0x1cd ./Drivers/STM32F2xx_HAL_Driver/Src/stm32f2xx_hal_adc.o
 .debug_macro   0x000000000001fb93      0x1cc ./Drivers/STM32F2xx_HAL_Driver/Src/stm32f2xx_hal_cortex.o
 .debug_macro   0x000000000001fd5f      0x1d2 ./Drivers/STM32F2xx_HAL_Driver/Src/stm32f2xx_hal_dma.o
 .debug_macro   0x000000000001ff31      0x1d3 ./Drivers/STM32F2xx_HAL_Driver/Src/stm32f2xx_hal_gpio.o
 .debug_macro   0x0000000000020104      0x1f6 ./Drivers/STM32F2xx_HAL_Driver/Src/stm32f2xx_hal_rcc.o
 .debug_macro   0x00000000000202fa      0x1cd ./Drivers/STM32F2xx_HAL_Driver/Src/stm32f2xx_hal_uart.o

.debug_line     0x0000000000000000     0xc6d5
 .debug_line    0x0000000000000000      0x8e7 ./Core/Src/CLI.o
 .debug_line    0x00000000000008e7      0xa8e ./Core/Src/CLI_f.o
 .debug_line    0x0000000000001375      0xd4e ./Core/Src/main.o
 .debug_line    0x00000000000020c3      0xa21 ./Core/Src/sofstarter.o
 .debug_line    0x0000000000002ae4      0x96c ./Core/Src/stm32f2xx_hal_msp.o
 .debug_line    0x0000000000003450      0x983 ./Core/Src/stm32f2xx_it.o
 .debug_line    0x0000000000003dd3      0x579 ./Core/Src/sysmem.o
 .debug_line    0x000000000000434c      0x7a2 ./Core/Src/system_stm32f2xx.o
 .debug_line    0x0000000000004aee       0x7a ./Core/Startup/startup_stm32f207zgtx.o
 .debug_line    0x0000000000004b68      0xa39 ./Drivers/STM32F2xx_HAL_Driver/Src/stm32f2xx_hal.o
 .debug_line    0x00000000000055a1     0x1188 ./Drivers/STM32F2xx_HAL_Driver/Src/stm32f2xx_hal_adc.o
 .debug_line    0x0000000000006729      0xcbc ./Drivers/STM32F2xx_HAL_Driver/Src/stm32f2xx_hal_cortex.o
 .debug_line    0x00000000000073e5      0xf71 ./Drivers/STM32F2xx_HAL_Driver/Src/stm32f2xx_hal_dma.o
 .debug_line    0x0000000000008356      0xb87 ./Drivers/STM32F2xx_HAL_Driver/Src/stm32f2xx_hal_gpio.o
 .debug_line    0x0000000000008edd      0xecd ./Drivers/STM32F2xx_HAL_Driver/Src/stm32f2xx_hal_rcc.o
 .debug_line    0x0000000000009daa     0x292b ./Drivers/STM32F2xx_HAL_Driver/Src/stm32f2xx_hal_uart.o

.debug_str      0x0000000000000000    0xbfc76
 .debug_str     0x0000000000000000    0xbcc4a ./Core/Src/CLI.o
                                      0xbcecd (size before relaxing)
 .debug_str     0x00000000000bcc4a      0x635 ./Core/Src/CLI_f.o
                                      0xbd4f7 (size before relaxing)
 .debug_str     0x00000000000bd27f      0x63e ./Core/Src/main.o
                                      0xbdb9c (size before relaxing)
 .debug_str     0x00000000000bd8bd       0x3e ./Core/Src/sofstarter.o
                                      0xbd050 (size before relaxing)
 .debug_str     0x00000000000bd8fb      0x5b7 ./Core/Src/stm32f2xx_hal_msp.o
                                      0xbdb84 (size before relaxing)
 .debug_str     0x00000000000bdeb2       0xef ./Core/Src/stm32f2xx_it.o
                                      0xbd3b4 (size before relaxing)
 .debug_str     0x00000000000bdfa1      0x4dc ./Core/Src/sysmem.o
                                       0x600b (size before relaxing)
 .debug_str     0x00000000000be47d       0x87 ./Core/Src/system_stm32f2xx.o
                                      0xb8e8c (size before relaxing)
 .debug_str     0x00000000000be504       0x34 ./Core/Startup/startup_stm32f207zgtx.o
                                         0x75 (size before relaxing)
 .debug_str     0x00000000000be538      0x56d ./Drivers/STM32F2xx_HAL_Driver/Src/stm32f2xx_hal.o
                                      0xb99d8 (size before relaxing)
 .debug_str     0x00000000000beaa5      0x2b8 ./Drivers/STM32F2xx_HAL_Driver/Src/stm32f2xx_hal_adc.o
                                      0xb94d3 (size before relaxing)
 .debug_str     0x00000000000bed5d      0x37a ./Drivers/STM32F2xx_HAL_Driver/Src/stm32f2xx_hal_cortex.o
                                      0xb979d (size before relaxing)
 .debug_str     0x00000000000bf0d7      0x288 ./Drivers/STM32F2xx_HAL_Driver/Src/stm32f2xx_hal_dma.o
                                      0xb92fa (size before relaxing)
 .debug_str     0x00000000000bf35f      0x10e ./Drivers/STM32F2xx_HAL_Driver/Src/stm32f2xx_hal_gpio.o
                                      0xb904a (size before relaxing)
 .debug_str     0x00000000000bf46d      0x25c ./Drivers/STM32F2xx_HAL_Driver/Src/stm32f2xx_hal_rcc.o
                                      0xb933e (size before relaxing)
 .debug_str     0x00000000000bf6c9      0x5ad ./Drivers/STM32F2xx_HAL_Driver/Src/stm32f2xx_hal_uart.o
                                      0xb98e1 (size before relaxing)

.debug_frame    0x0000000000000000     0x2800
 .debug_frame   0x0000000000000000       0x38 ./Core/Src/CLI.o
 .debug_frame   0x0000000000000038      0x144 ./Core/Src/CLI_f.o
 .debug_frame   0x000000000000017c      0x164 ./Core/Src/main.o
 .debug_frame   0x00000000000002e0      0x178 ./Core/Src/sofstarter.o
 .debug_frame   0x0000000000000458       0xc8 ./Core/Src/stm32f2xx_hal_msp.o
 .debug_frame   0x0000000000000520      0x120 ./Core/Src/stm32f2xx_it.o
 .debug_frame   0x0000000000000640       0x34 ./Core/Src/sysmem.o
 .debug_frame   0x0000000000000674       0x58 ./Core/Src/system_stm32f2xx.o
 .debug_frame   0x00000000000006cc      0x384 ./Drivers/STM32F2xx_HAL_Driver/Src/stm32f2xx_hal.o
 .debug_frame   0x0000000000000a50      0x3fc ./Drivers/STM32F2xx_HAL_Driver/Src/stm32f2xx_hal_adc.o
 .debug_frame   0x0000000000000e4c      0x498 ./Drivers/STM32F2xx_HAL_Driver/Src/stm32f2xx_hal_cortex.o
 .debug_frame   0x00000000000012e4      0x250 ./Drivers/STM32F2xx_HAL_Driver/Src/stm32f2xx_hal_dma.o
 .debug_frame   0x0000000000001534      0x14c ./Drivers/STM32F2xx_HAL_Driver/Src/stm32f2xx_hal_gpio.o
 .debug_frame   0x0000000000001680      0x208 ./Drivers/STM32F2xx_HAL_Driver/Src/stm32f2xx_hal_rcc.o
 .debug_frame   0x0000000000001888      0x944 ./Drivers/STM32F2xx_HAL_Driver/Src/stm32f2xx_hal_uart.o
 .debug_frame   0x00000000000021cc      0x144 C:/ST/STM32CubeIDE_1.13.2/STM32CubeIDE/plugins/com.st.stm32cube.ide.mcu.externaltools.gnu-tools-for-stm32.11.3.rel1.win32_1.1.1.202309131626/tools/bin/../lib/gcc/arm-none-eabi/11.3.1/../../../../arm-none-eabi/lib/thumb/v7-m/nofp\libc_nano.a(libc_a-findfp.o)
 .debug_frame   0x0000000000002310       0x6c C:/ST/STM32CubeIDE_1.13.2/STM32CubeIDE/plugins/com.st.stm32cube.ide.mcu.externaltools.gnu-tools-for-stm32.11.3.rel1.win32_1.1.1.202309131626/tools/bin/../lib/gcc/arm-none-eabi/11.3.1/../../../../arm-none-eabi/lib/thumb/v7-m/nofp\libc_nano.a(libc_a-sprintf.o)
 .debug_frame   0x000000000000237c       0x20 C:/ST/STM32CubeIDE_1.13.2/STM32CubeIDE/plugins/com.st.stm32cube.ide.mcu.externaltools.gnu-tools-for-stm32.11.3.rel1.win32_1.1.1.202309131626/tools/bin/../lib/gcc/arm-none-eabi/11.3.1/../../../../arm-none-eabi/lib/thumb/v7-m/nofp\libc_nano.a(libc_a-memset.o)
 .debug_frame   0x000000000000239c       0x28 C:/ST/STM32CubeIDE_1.13.2/STM32CubeIDE/plugins/com.st.stm32cube.ide.mcu.externaltools.gnu-tools-for-stm32.11.3.rel1.win32_1.1.1.202309131626/tools/bin/../lib/gcc/arm-none-eabi/11.3.1/../../../../arm-none-eabi/lib/thumb/v7-m/nofp\libc_nano.a(libc_a-strncmp.o)
 .debug_frame   0x00000000000023c4       0x38 C:/ST/STM32CubeIDE_1.13.2/STM32CubeIDE/plugins/com.st.stm32cube.ide.mcu.externaltools.gnu-tools-for-stm32.11.3.rel1.win32_1.1.1.202309131626/tools/bin/../lib/gcc/arm-none-eabi/11.3.1/../../../../arm-none-eabi/lib/thumb/v7-m/nofp\libc_nano.a(libc_a-reent.o)
 .debug_frame   0x00000000000023fc       0x20 C:/ST/STM32CubeIDE_1.13.2/STM32CubeIDE/plugins/com.st.stm32cube.ide.mcu.externaltools.gnu-tools-for-stm32.11.3.rel1.win32_1.1.1.202309131626/tools/bin/../lib/gcc/arm-none-eabi/11.3.1/../../../../arm-none-eabi/lib/thumb/v7-m/nofp\libc_nano.a(libc_a-errno.o)
 .debug_frame   0x000000000000241c       0x2c C:/ST/STM32CubeIDE_1.13.2/STM32CubeIDE/plugins/com.st.stm32cube.ide.mcu.externaltools.gnu-tools-for-stm32.11.3.rel1.win32_1.1.1.202309131626/tools/bin/../lib/gcc/arm-none-eabi/11.3.1/../../../../arm-none-eabi/lib/thumb/v7-m/nofp\libc_nano.a(libc_a-init.o)
 .debug_frame   0x0000000000002448       0xb0 C:/ST/STM32CubeIDE_1.13.2/STM32CubeIDE/plugins/com.st.stm32cube.ide.mcu.externaltools.gnu-tools-for-stm32.11.3.rel1.win32_1.1.1.202309131626/tools/bin/../lib/gcc/arm-none-eabi/11.3.1/../../../../arm-none-eabi/lib/thumb/v7-m/nofp\libc_nano.a(libc_a-lock.o)
 .debug_frame   0x00000000000024f8       0x38 C:/ST/STM32CubeIDE_1.13.2/STM32CubeIDE/plugins/com.st.stm32cube.ide.mcu.externaltools.gnu-tools-for-stm32.11.3.rel1.win32_1.1.1.202309131626/tools/bin/../lib/gcc/arm-none-eabi/11.3.1/../../../../arm-none-eabi/lib/thumb/v7-m/nofp\libc_nano.a(libc_a-freer.o)
 .debug_frame   0x0000000000002530       0x50 C:/ST/STM32CubeIDE_1.13.2/STM32CubeIDE/plugins/com.st.stm32cube.ide.mcu.externaltools.gnu-tools-for-stm32.11.3.rel1.win32_1.1.1.202309131626/tools/bin/../lib/gcc/arm-none-eabi/11.3.1/../../../../arm-none-eabi/lib/thumb/v7-m/nofp\libc_nano.a(libc_a-mallocr.o)
 .debug_frame   0x0000000000002580       0x30 C:/ST/STM32CubeIDE_1.13.2/STM32CubeIDE/plugins/com.st.stm32cube.ide.mcu.externaltools.gnu-tools-for-stm32.11.3.rel1.win32_1.1.1.202309131626/tools/bin/../lib/gcc/arm-none-eabi/11.3.1/../../../../arm-none-eabi/lib/thumb/v7-m/nofp\libc_nano.a(libc_a-mlock.o)
 .debug_frame   0x00000000000025b0       0x90 C:/ST/STM32CubeIDE_1.13.2/STM32CubeIDE/plugins/com.st.stm32cube.ide.mcu.externaltools.gnu-tools-for-stm32.11.3.rel1.win32_1.1.1.202309131626/tools/bin/../lib/gcc/arm-none-eabi/11.3.1/../../../../arm-none-eabi/lib/thumb/v7-m/nofp\libc_nano.a(libc_a-nano-svfprintf.o)
 .debug_frame   0x0000000000002640       0x60 C:/ST/STM32CubeIDE_1.13.2/STM32CubeIDE/plugins/com.st.stm32cube.ide.mcu.externaltools.gnu-tools-for-stm32.11.3.rel1.win32_1.1.1.202309131626/tools/bin/../lib/gcc/arm-none-eabi/11.3.1/../../../../arm-none-eabi/lib/thumb/v7-m/nofp\libc_nano.a(libc_a-nano-vfprintf_i.o)
 .debug_frame   0x00000000000026a0       0x28 C:/ST/STM32CubeIDE_1.13.2/STM32CubeIDE/plugins/com.st.stm32cube.ide.mcu.externaltools.gnu-tools-for-stm32.11.3.rel1.win32_1.1.1.202309131626/tools/bin/../lib/gcc/arm-none-eabi/11.3.1/../../../../arm-none-eabi/lib/thumb/v7-m/nofp\libc_nano.a(libc_a-memmove.o)
 .debug_frame   0x00000000000026c8       0x2c C:/ST/STM32CubeIDE_1.13.2/STM32CubeIDE/plugins/com.st.stm32cube.ide.mcu.externaltools.gnu-tools-for-stm32.11.3.rel1.win32_1.1.1.202309131626/tools/bin/../lib/gcc/arm-none-eabi/11.3.1/../../../../arm-none-eabi/lib/thumb/v7-m/nofp\libc_nano.a(libc_a-sbrkr.o)
 .debug_frame   0x00000000000026f4       0x28 C:/ST/STM32CubeIDE_1.13.2/STM32CubeIDE/plugins/com.st.stm32cube.ide.mcu.externaltools.gnu-tools-for-stm32.11.3.rel1.win32_1.1.1.202309131626/tools/bin/../lib/gcc/arm-none-eabi/11.3.1/../../../../arm-none-eabi/lib/thumb/v7-m/nofp\libc_nano.a(libc_a-memchr-stub.o)
 .debug_frame   0x000000000000271c       0x28 C:/ST/STM32CubeIDE_1.13.2/STM32CubeIDE/plugins/com.st.stm32cube.ide.mcu.externaltools.gnu-tools-for-stm32.11.3.rel1.win32_1.1.1.202309131626/tools/bin/../lib/gcc/arm-none-eabi/11.3.1/../../../../arm-none-eabi/lib/thumb/v7-m/nofp\libc_nano.a(libc_a-memcpy-stub.o)
 .debug_frame   0x0000000000002744       0x3c C:/ST/STM32CubeIDE_1.13.2/STM32CubeIDE/plugins/com.st.stm32cube.ide.mcu.externaltools.gnu-tools-for-stm32.11.3.rel1.win32_1.1.1.202309131626/tools/bin/../lib/gcc/arm-none-eabi/11.3.1/../../../../arm-none-eabi/lib/thumb/v7-m/nofp\libc_nano.a(libc_a-reallocr.o)
 .debug_frame   0x0000000000002780       0x20 C:/ST/STM32CubeIDE_1.13.2/STM32CubeIDE/plugins/com.st.stm32cube.ide.mcu.externaltools.gnu-tools-for-stm32.11.3.rel1.win32_1.1.1.202309131626/tools/bin/../lib/gcc/arm-none-eabi/11.3.1/../../../../arm-none-eabi/lib/thumb/v7-m/nofp\libc_nano.a(libc_a-msizer.o)
 .debug_frame   0x00000000000027a0       0x2c C:/ST/STM32CubeIDE_1.13.2/STM32CubeIDE/plugins/com.st.stm32cube.ide.mcu.externaltools.gnu-tools-for-stm32.11.3.rel1.win32_1.1.1.202309131626/tools/bin/../lib/gcc/arm-none-eabi/11.3.1/thumb/v7-m/nofp\libgcc.a(_aeabi_uldivmod.o)
 .debug_frame   0x00000000000027cc       0x34 C:/ST/STM32CubeIDE_1.13.2/STM32CubeIDE/plugins/com.st.stm32cube.ide.mcu.externaltools.gnu-tools-for-stm32.11.3.rel1.win32_1.1.1.202309131626/tools/bin/../lib/gcc/arm-none-eabi/11.3.1/thumb/v7-m/nofp\libgcc.a(_udivmoddi4.o)

.debug_line_str
                0x0000000000000000       0x69
 .debug_line_str
                0x0000000000000000       0x69 ./Core/Startup/startup_stm32f207zgtx.o
                                         0x81 (size before relaxing)
