../Core/Src/main.c:89:6:HAL_UART_ErrorCallback	16	static
../Core/Src/main.c:95:6:HAL_UART_RxCpltCallback	16	static
../Core/Src/main.c:136:5:main	56	static
../Core/Src/main.c:282:6:SystemClock_Config	80	static
../Core/Src/main.c:324:13:MX_ADC1_Init	24	static
../Core/Src/main.c:376:13:MX_ADC3_Init	24	static
../Core/Src/main.c:428:13:MX_USART3_UART_Init	8	static
../Core/Src/main.c:461:13:MX_DMA_Init	16	static
../Core/Src/main.c:493:13:MX_GPIO_Init	64	static
../Core/Src/main.c:670:6:Error_Handler	4	static,ignoring_inline_asm
